This is pdfTeX, Version 3.141592653-2.6-1.40.29 (TeX Live 2026/Homebrew) (preloaded format=pdflatex 2026.3.4)  5 JUL 2026 01:50
entering extended mode
 restricted \write18 enabled.
 file:line:error style messages enabled.
 %&-line parsing enabled.
**/Users/antonikowalczuk/mgr_own/Thesis
(/Users/antonikowalczuk/mgr_own/Thesis.tex
LaTeX2e <2025-11-01>
L3 programming layer <2026-01-19>
(./saartex.cls
Document Class: saartex 2022/07/11
\c@intlanguage=\count275
(/opt/homebrew/Cellar/texlive/20260301/share/texmf-dist/tex/latex/koma-script/scrbook.cls
Document Class: scrbook 2026/02/02 v3.49.2 KOMA-Script document class (book)
(/opt/homebrew/Cellar/texlive/20260301/share/texmf-dist/tex/latex/koma-script/scrkbase.sty
Package: scrkbase 2026/02/02 v3.49.2 KOMA-Script package (KOMA-Script-dependent basics and keyval usage)
 (/opt/homebrew/Cellar/texlive/20260301/share/texmf-dist/tex/latex/koma-script/scrbase.sty
Package: scrbase 2026/02/02 v3.49.2 KOMA-Script package (KOMA-Script-independent basics and keyval usage)
 (/opt/homebrew/Cellar/texlive/20260301/share/texmf-dist/tex/latex/koma-script/scrlfile.sty
Package: scrlfile 2026/02/02 v3.49.2 KOMA-Script package (file load hooks)
 (/opt/homebrew/Cellar/texlive/20260301/share/texmf-dist/tex/latex/koma-script/scrlfile-hook.sty
Package: scrlfile-hook 2026/02/02 v3.49.2 KOMA-Script package (using LaTeX hooks)
 (/opt/homebrew/Cellar/texlive/20260301/share/texmf-dist/tex/latex/koma-script/scrlogo.sty
Package: scrlogo 2026/02/02 v3.49.2 KOMA-Script package (logo)
))) (/opt/homebrew/Cellar/texlive/20260301/share/texmf-dist/tex/latex/graphics/keyval.sty
Package: keyval 2022/05/29 v1.15 key=value parser (DPC)
\KV@toks@=\toks17
)
Applying: [2021/05/01] Usage of raw or classic option list on input line 254.
Already applied: [0000/00/00] Usage of raw or classic option list on input line 370.
)) (/opt/homebrew/Cellar/texlive/20260301/share/texmf-dist/tex/latex/koma-script/tocbasic.sty
Package: tocbasic 2026/02/02 v3.49.2 KOMA-Script package (handling toc-files)
\scr@dte@tocline@numberwidth=\skip49
\scr@dte@tocline@numbox=\box53
)
Package tocbasic Info: omitting babel extension for `toc'
(tocbasic)             because of feature `nobabel' available
(tocbasic)             for `toc' on input line 143.
Class scrbook Info: File `scrsize11pt.clo' used instead of
(scrbook)           file `scrsize11.clo' to setup font sizes on input line 2713.
 (/opt/homebrew/Cellar/texlive/20260301/share/texmf-dist/tex/latex/koma-script/scrsize11pt.clo
File: scrsize11pt.clo 2026/02/02 v3.49.2 KOMA-Script font size class option (11pt)
) (/opt/homebrew/Cellar/texlive/20260301/share/texmf-dist/tex/latex/koma-script/typearea.sty
Package: typearea 2026/02/02 v3.49.2 KOMA-Script package (type area)
\ta@bcor=\skip50
\ta@div=\count276
\ta@hblk=\skip51
\ta@vblk=\skip52
\ta@temp=\skip53
\footheight=\skip54
Package typearea Info: These are the values describing the layout:
(typearea)             DIV  = 10
(typearea)             BCOR = 0.0pt
(typearea)             \paperwidth      = 597.50793pt
(typearea)              \textwidth      = 418.25555pt
(typearea)              DIV departure   = -6%
(typearea)              \evensidemargin = 47.2316pt
(typearea)              \oddsidemargin  = -12.5192pt
(typearea)             \paperheight     = 845.04694pt
(typearea)              \textheight     = 595.80026pt
(typearea)              \topmargin      = -25.16531pt
(typearea)              \headheight     = 17.0pt
(typearea)              \headsep        = 20.40001pt
(typearea)              \topskip        = 11.0pt
(typearea)              \footskip       = 47.6pt
(typearea)              \baselineskip   = 13.6pt
(typearea)              on input line 1810.
)
\c@part=\count277
\c@chapter=\count278
\c@section=\count279
\c@subsection=\count280
\c@subsubsection=\count281
\c@paragraph=\count282
\c@subparagraph=\count283
\scr@dte@chapter@maxnumwidth=\skip55
Class scrbook Info: using compatibility default `afterindent=bysign'
(scrbook)           for `\chapter on input line 5945.
\scr@dte@section@maxnumwidth=\skip56
Class scrbook Info: using compatibility default `runin=bysign'
(scrbook)           for `\section on input line 5956.
Class scrbook Info: using compatibility default `afterindent=bysign'
(scrbook)           for `\section on input line 5956.
\scr@dte@part@maxnumwidth=\skip57
Class scrbook Info: using compatibility default `afterindent=true'
(scrbook)           for `\part on input line 5965.
\scr@dte@subsection@maxnumwidth=\skip58
Class scrbook Info: using compatibility default `runin=bysign'
(scrbook)           for `\subsection on input line 5975.
Class scrbook Info: using compatibility default `afterindent=bysign'
(scrbook)           for `\subsection on input line 5975.
\scr@dte@subsubsection@maxnumwidth=\skip59
Class scrbook Info: using compatibility default `runin=bysign'
(scrbook)           for `\subsubsection on input line 5985.
Class scrbook Info: using compatibility default `afterindent=bysign'
(scrbook)           for `\subsubsection on input line 5985.
\scr@dte@paragraph@maxnumwidth=\skip60
Class scrbook Info: using compatibility default `runin=bysign'
(scrbook)           for `\paragraph on input line 5996.
Class scrbook Info: using compatibility default `afterindent=bysign'
(scrbook)           for `\paragraph on input line 5996.
\scr@dte@subparagraph@maxnumwidth=\skip61
Class scrbook Info: using compatibility default `runin=bysign'
(scrbook)           for `\subparagraph on input line 6006.
Class scrbook Info: using compatibility default `afterindent=bysign'
(scrbook)           for `\subparagraph on input line 6006.
\abovecaptionskip=\skip62
\belowcaptionskip=\skip63
\c@pti@nb@sid@b@x=\box54
Package tocbasic Info: omitting babel extension for `lof'
(tocbasic)             because of feature `nobabel' available
(tocbasic)             for `lof' on input line 7242.
\scr@dte@figure@maxnumwidth=\skip64
\c@figure=\count284
Package tocbasic Info: omitting babel extension for `lot'
(tocbasic)             because of feature `nobabel' available
(tocbasic)             for `lot' on input line 7255.
\scr@dte@table@maxnumwidth=\skip65
\c@table=\count285
Class scrbook Info: Redefining `\numberline' on input line 7426.
\bibindent=\dimen148
)

Package typearea Info: DIV calculation for classic typearea. on input line 18.

Package typearea Info: These are the values describing the layout:
(typearea)             DIV  = 8
(typearea)             BCOR = 0.0pt
(typearea)             \paperwidth      = 597.50793pt
(typearea)              \textwidth      = 373.44246pt
(typearea)              DIV departure   = 0%
(typearea)              \evensidemargin = 77.107pt
(typearea)              \oddsidemargin  = 2.4185pt
(typearea)             \paperheight     = 845.04694pt
(typearea)              \textheight     = 541.40024pt
(typearea)              \topmargin      = -4.03914pt
(typearea)              \headheight     = 17.0pt
(typearea)              \headsep        = 20.40001pt
(typearea)              \topskip        = 11.0pt
(typearea)              \footskip       = 47.6pt
(typearea)              \baselineskip   = 13.6pt
(typearea)              on input line 18.
Class scrbook Info: File `scrsize12pt.clo' used to setup font sizes on input line 18.
(/opt/homebrew/Cellar/texlive/20260301/share/texmf-dist/tex/latex/koma-script/scrsize12pt.clo
File: scrsize12pt.clo 2026/02/02 v3.49.2 KOMA-Script font size class option (12pt)
)

Package typearea Info: DIV calculation for classic typearea. on input line 18.

Package typearea Info: These are the values describing the layout:
(typearea)             DIV  = 9
(typearea)             BCOR = 0.0pt
(typearea)             \paperwidth      = 597.50793pt
(typearea)              \textwidth      = 398.33862pt
(typearea)              DIV departure   = 0%
(typearea)              \evensidemargin = 60.50955pt
(typearea)              \oddsidemargin  = -5.88022pt
(typearea)             \paperheight     = 845.04694pt
(typearea)              \textheight     = 577.5pt
(typearea)              \topmargin      = -18.25089pt
(typearea)              \headheight     = 18.125pt
(typearea)              \headsep        = 21.75pt
(typearea)              \topskip        = 12.0pt
(typearea)              \footskip       = 50.75pt
(typearea)              \baselineskip   = 14.5pt
(typearea)              on input line 18.
(/opt/homebrew/Cellar/texlive/20260301/share/texmf-dist/tex/generic/iftex/iftex.sty
Package: iftex 2024/12/12 v1.0g TeX engine tests
) (/opt/homebrew/Cellar/texlive/20260301/share/texmf-dist/tex/latex/microtype/microtype.sty
Package: microtype 2026/03/01 v3.2d Micro-typographical refinements (RS)
 (/opt/homebrew/Cellar/texlive/20260301/share/texmf-dist/tex/latex/etoolbox/etoolbox.sty
Package: etoolbox 2025/10/02 v2.5m e-TeX tools for LaTeX (JAW)
\etb@tempcnta=\count286
)
\MT@toks=\toks18
\MT@tempbox=\box55
\MT@count=\count287
LaTeX Info: Redefining \noprotrusionifhmode on input line 1084.
LaTeX Info: Redefining \leftprotrusion on input line 1085.
\MT@prot@toks=\toks19
LaTeX Info: Redefining \rightprotrusion on input line 1104.
LaTeX Info: Redefining \textls on input line 1449.
\MT@outer@kern=\dimen149
LaTeX Info: Redefining \microtypecontext on input line 2053.
LaTeX Info: Redefining \textmicrotypecontext on input line 2070.
\MT@listname@count=\count288
 (/opt/homebrew/Cellar/texlive/20260301/share/texmf-dist/tex/latex/microtype/microtype-pdftex.def
File: microtype-pdftex.def 2026/03/01 v3.2d Definitions specific to pdftex (RS)
LaTeX Info: Redefining \lsstyle on input line 944.
LaTeX Info: Redefining \lslig on input line 944.
\MT@outer@space=\skip66
)
Package microtype Info: Loading configuration file microtype.cfg.
 (/opt/homebrew/Cellar/texlive/20260301/share/texmf-dist/tex/latex/microtype/microtype.cfg
File: microtype.cfg 2026/03/01 v3.2d microtype main configuration file (RS)
)
LaTeX Info: Redefining \microtypesetup on input line 3065.
) (/opt/homebrew/Cellar/texlive/20260301/share/texmf-dist/tex/latex/appendix/appendix.sty
Package: appendix 2020/02/08 v1.2c extra appendix facilities
\c@@pps=\count289
\c@@ppsavesec=\count290
\c@@ppsaveapp=\count291
) (/opt/homebrew/Cellar/texlive/20260301/share/texmf-dist/tex/generic/babel/babel.sty
Package: babel 2026/02/14 v26.3 The multilingual framework for LuaLaTeX, pdfLaTeX and XeLaTeX
\babel@savecnt=\count292
LaTeX Encoding Info:    Redeclaring text command \ij (encoding OT1) on input line 2078.
LaTeX Encoding Info:    Redeclaring text command \IJ (encoding OT1) on input line 2080.
LaTeX Encoding Info:    Redeclaring text command \ij (encoding T1) on input line 2082.
LaTeX Encoding Info:    Redeclaring text command \IJ (encoding T1) on input line 2083.
LaTeX Encoding Info:    Ignoring declaration for text command \ij (encoding ?) on input line 2084.
LaTeX Encoding Info:    Ignoring declaration for text command \IJ (encoding ?) on input line 2086.
LaTeX Encoding Info:    Ignoring declaration for text command \SS (encoding ?) on input line 2111.
\U@D=\dimen150
\l@unhyphenated=\language91
 (/opt/homebrew/Cellar/texlive/20260301/share/texmf-dist/tex/generic/babel/txtbabel.def)
\bbl@readstream=\read2
\bbl@dirlevel=\count293
 (/opt/homebrew/Cellar/texlive/20260301/share/texmf-dist/tex/generic/babel/locale/en/babel-english.tex)
Package babel Info: Importing font and identification data for english
(babel)             from babel-en.ini. Reported on input line 4330.
 (/opt/homebrew/Cellar/texlive/20260301/share/texmf-dist/tex/generic/babel-english/english.ldf
Language: english 2017/06/06 v3.3r English support from the babel system
Package babel Info: Hyphen rules for 'canadian' set to \l@english
(babel)             (\language0). Reported on input line 102.
Package babel Info: Hyphen rules for 'australian' set to \l@ukenglish
(babel)             (\language22). Reported on input line 105.
Package babel Info: Hyphen rules for 'newzealand' set to \l@ukenglish
(babel)             (\language22). Reported on input line 108.
)) (/opt/homebrew/Cellar/texlive/20260301/share/texmf-dist/tex/latex/base/inputenc.sty
Package: inputenc 2024/02/08 v1.3d Input encoding file
\inpenc@prehook=\toks20
\inpenc@posthook=\toks21
) (/opt/homebrew/Cellar/texlive/20260301/share/texmf-dist/tex/latex/base/fontenc.sty
Package: fontenc 2025/07/18 v2.1d Standard LaTeX package
) (/opt/homebrew/Cellar/texlive/20260301/share/texmf-dist/tex/latex/lm/lmodern.sty
Package: lmodern 2015/05/01 v1.6.1 Latin Modern Fonts
LaTeX Font Info:    Overwriting symbol font `operators' in version `normal'
(Font)                  OT1/cmr/m/n --> OT1/lmr/m/n on input line 22.
LaTeX Font Info:    Overwriting symbol font `letters' in version `normal'
(Font)                  OML/cmm/m/it --> OML/lmm/m/it on input line 23.
LaTeX Font Info:    Overwriting symbol font `symbols' in version `normal'
(Font)                  OMS/cmsy/m/n --> OMS/lmsy/m/n on input line 24.
LaTeX Font Info:    Overwriting symbol font `largesymbols' in version `normal'
(Font)                  OMX/cmex/m/n --> OMX/lmex/m/n on input line 25.
LaTeX Font Info:    Overwriting symbol font `operators' in version `bold'
(Font)                  OT1/cmr/bx/n --> OT1/lmr/bx/n on input line 26.
LaTeX Font Info:    Overwriting symbol font `letters' in version `bold'
(Font)                  OML/cmm/b/it --> OML/lmm/b/it on input line 27.
LaTeX Font Info:    Overwriting symbol font `symbols' in version `bold'
(Font)                  OMS/cmsy/b/n --> OMS/lmsy/b/n on input line 28.
LaTeX Font Info:    Overwriting symbol font `largesymbols' in version `bold'
(Font)                  OMX/cmex/m/n --> OMX/lmex/m/n on input line 29.
LaTeX Font Info:    Overwriting math alphabet `\mathbf' in version `normal'
(Font)                  OT1/cmr/bx/n --> OT1/lmr/bx/n on input line 31.
LaTeX Font Info:    Overwriting math alphabet `\mathsf' in version `normal'
(Font)                  OT1/cmss/m/n --> OT1/lmss/m/n on input line 32.
LaTeX Font Info:    Overwriting math alphabet `\mathit' in version `normal'
(Font)                  OT1/cmr/m/it --> OT1/lmr/m/it on input line 33.
LaTeX Font Info:    Overwriting math alphabet `\mathtt' in version `normal'
(Font)                  OT1/cmtt/m/n --> OT1/lmtt/m/n on input line 34.
LaTeX Font Info:    Overwriting math alphabet `\mathbf' in version `bold'
(Font)                  OT1/cmr/bx/n --> OT1/lmr/bx/n on input line 35.
LaTeX Font Info:    Overwriting math alphabet `\mathsf' in version `bold'
(Font)                  OT1/cmss/bx/n --> OT1/lmss/bx/n on input line 36.
LaTeX Font Info:    Overwriting math alphabet `\mathit' in version `bold'
(Font)                  OT1/cmr/bx/it --> OT1/lmr/bx/it on input line 37.
LaTeX Font Info:    Overwriting math alphabet `\mathtt' in version `bold'
(Font)                  OT1/cmtt/m/n --> OT1/lmtt/m/n on input line 38.
) (/opt/homebrew/Cellar/texlive/20260301/share/texmf-dist/tex/latex/uni-titlepage/uni-titlepage.sty
Package: uni-titlepage 2025-08-12 v1.4 KOMA presents the title page project 
\c@titlepage=\count294
\titlebox=\box56
) (./title-UdS.def
File: title-UdS.def 2022/12/14 v1.0 
) (/opt/homebrew/Cellar/texlive/20260301/share/texmf-dist/tex/latex/koma-script/scrlayer-scrpage.sty
Package: scrlayer-scrpage 2026/02/02 v3.49.2 KOMA-Script package (end user interface for scrlayer)
 (/opt/homebrew/Cellar/texlive/20260301/share/texmf-dist/tex/latex/koma-script/scrlayer.sty
Package: scrlayer 2026/02/02 v3.49.2 KOMA-Script package (defining layers and page styles)
Package scrlayer Info: patching LaTeX kernel macro \pagestyle on input line 2179.
)
Package scrlayer-scrpage Info: Makeing stand-alone element `pagehead' from
(scrlayer-scrpage)             alias to `pageheadfoot' on input line 1106.
) (/opt/homebrew/Cellar/texlive/20260301/share/texmf-dist/tex/latex/enumitem/enumitem.sty
Package: enumitem 2025/02/06 v3.11 Customized lists
\labelindent=\skip67
\enit@outerparindent=\dimen151
\enit@toks=\toks22
\enit@inbox=\box57
\enit@count@id=\count295
\enitdp@description=\count296
) (/opt/homebrew/Cellar/texlive/20260301/share/texmf-dist/tex/latex/doublestroke/dsfont.sty
Package: dsfont 1995/08/01 v0.1 Double stroke roman fonts
) (/opt/homebrew/Cellar/texlive/20260301/share/texmf-dist/tex/latex/mathtools/mathtools.sty
Package: mathtools 2024/10/04 v1.31 mathematical typesetting tools
 (/opt/homebrew/Cellar/texlive/20260301/share/texmf-dist/tex/latex/tools/calc.sty
Package: calc 2025/03/01 v4.3b Infix arithmetic (KKT,FJ)
\calc@Acount=\count297
\calc@Bcount=\count298
\calc@Adimen=\dimen152
\calc@Bdimen=\dimen153
\calc@Askip=\skip68
\calc@Bskip=\skip69
LaTeX Info: Redefining \setlength on input line 86.
LaTeX Info: Redefining \addtolength on input line 87.
\calc@Ccount=\count299
\calc@Cskip=\skip70
) (/opt/homebrew/Cellar/texlive/20260301/share/texmf-dist/tex/latex/mathtools/mhsetup.sty
Package: mhsetup 2021/03/18 v1.4 programming setup (MH)
) (/opt/homebrew/Cellar/texlive/20260301/share/texmf-dist/tex/latex/amsmath/amsmath.sty
Package: amsmath 2025/07/09 v2.17z AMS math features
\@mathmargin=\skip71

For additional information on amsmath, use the `?' option.
(/opt/homebrew/Cellar/texlive/20260301/share/texmf-dist/tex/latex/amsmath/amstext.sty
Package: amstext 2024/11/17 v2.01 AMS text
 (/opt/homebrew/Cellar/texlive/20260301/share/texmf-dist/tex/latex/amsmath/amsgen.sty
File: amsgen.sty 1999/11/30 v2.0 generic functions
\@emptytoks=\toks23
\ex@=\dimen154
)) (/opt/homebrew/Cellar/texlive/20260301/share/texmf-dist/tex/latex/amsmath/amsbsy.sty
Package: amsbsy 1999/11/29 v1.2d Bold Symbols
\pmbraise@=\dimen155
) (/opt/homebrew/Cellar/texlive/20260301/share/texmf-dist/tex/latex/amsmath/amsopn.sty
Package: amsopn 2022/04/08 v2.04 operator names
)
\inf@bad=\count300
LaTeX Info: Redefining \frac on input line 233.
\uproot@=\count301
\leftroot@=\count302
LaTeX Info: Redefining \overline on input line 398.
LaTeX Info: Redefining \colon on input line 409.
\classnum@=\count303
\DOTSCASE@=\count304
LaTeX Info: Redefining \ldots on input line 495.
LaTeX Info: Redefining \dots on input line 498.
LaTeX Info: Redefining \cdots on input line 619.
\Mathstrutbox@=\box58
\strutbox@=\box59
LaTeX Info: Redefining \big on input line 721.
LaTeX Info: Redefining \Big on input line 722.
LaTeX Info: Redefining \bigg on input line 723.
LaTeX Info: Redefining \Bigg on input line 724.
\big@size=\dimen156
LaTeX Font Info:    Redeclaring font encoding OML on input line 742.
LaTeX Font Info:    Redeclaring font encoding OMS on input line 743.
\macc@depth=\count305
LaTeX Info: Redefining \bmod on input line 904.
LaTeX Info: Redefining \pmod on input line 909.
LaTeX Info: Redefining \smash on input line 939.
LaTeX Info: Redefining \relbar on input line 969.
LaTeX Info: Redefining \Relbar on input line 970.
\c@MaxMatrixCols=\count306
\dotsspace@=\muskip17
\c@parentequation=\count307
\dspbrk@lvl=\count308
\tag@help=\toks24
\row@=\count309
\column@=\count310
\maxfields@=\count311
\andhelp@=\toks25
\eqnshift@=\dimen157
\alignsep@=\dimen158
\tagshift@=\dimen159
\tagwidth@=\dimen160
\totwidth@=\dimen161
\lineht@=\dimen162
\@envbody=\toks26
\multlinegap=\skip72
\multlinetaggap=\skip73
\mathdisplay@stack=\toks27
LaTeX Info: Redefining \[ on input line 2950.
LaTeX Info: Redefining \] on input line 2951.
)
\g_MT_multlinerow_int=\count312
\l_MT_multwidth_dim=\dimen163
\origjot=\skip74
\l_MT_shortvdotswithinadjustabove_dim=\dimen164
\l_MT_shortvdotswithinadjustbelow_dim=\dimen165
\l_MT_above_intertext_sep=\dimen166
\l_MT_below_intertext_sep=\dimen167
\l_MT_above_shortintertext_sep=\dimen168
\l_MT_below_shortintertext_sep=\dimen169
\xmathstrut@box=\box60
\xmathstrut@dim=\dimen170
) (/opt/homebrew/Cellar/texlive/20260301/share/texmf-dist/tex/latex/amsfonts/amssymb.sty
Package: amssymb 2013/01/14 v3.01 AMS font symbols
 (/opt/homebrew/Cellar/texlive/20260301/share/texmf-dist/tex/latex/amsfonts/amsfonts.sty
Package: amsfonts 2013/01/14 v3.01 Basic AMSFonts support
\symAMSa=\mathgroup4
\symAMSb=\mathgroup5
LaTeX Font Info:    Redeclaring math symbol \hbar on input line 98.
LaTeX Font Info:    Overwriting math alphabet `\mathfrak' in version `bold'
(Font)                  U/euf/m/n --> U/euf/b/n on input line 106.
)) (/opt/homebrew/Cellar/texlive/20260301/share/texmf-dist/tex/latex/tools/delarray.sty
Package: delarray 2014/10/28 v1.01 array delimiter package (DPC)
 (/opt/homebrew/Cellar/texlive/20260301/share/texmf-dist/tex/latex/tools/array.sty
Package: array 2025/09/25 v2.6n Tabular extension package (FMi)
\col@sep=\dimen171
\ar@mcellbox=\box61
\extrarowheight=\dimen172
\NC@list=\toks28
\extratabsurround=\skip75
\backup@length=\skip76
\ar@cellbox=\box62
)) (/opt/homebrew/Cellar/texlive/20260301/share/texmf-dist/tex/latex/graphics/graphicx.sty
Package: graphicx 2024/12/31 v1.2e Enhanced LaTeX Graphics (DPC,SPQR)
 (/opt/homebrew/Cellar/texlive/20260301/share/texmf-dist/tex/latex/graphics/graphics.sty
Package: graphics 2024/08/06 v1.4g Standard LaTeX Graphics (DPC,SPQR)
 (/opt/homebrew/Cellar/texlive/20260301/share/texmf-dist/tex/latex/graphics/trig.sty
Package: trig 2023/12/02 v1.11 sin cos tan (DPC)
) (/opt/homebrew/Cellar/texlive/20260301/share/texmf-dist/tex/latex/graphics-cfg/graphics.cfg
File: graphics.cfg 2016/06/04 v1.11 sample graphics configuration
)
Package graphics Info: Driver file: pdftex.def on input line 106.
 (/opt/homebrew/Cellar/texlive/20260301/share/texmf-dist/tex/latex/graphics-def/pdftex.def
File: pdftex.def 2025/09/29 v1.2d Graphics/color driver for pdftex
))
\Gin@req@height=\dimen173
\Gin@req@width=\dimen174
) (/opt/homebrew/Cellar/texlive/20260301/share/texmf-dist/tex/latex/units/nicefrac.sty
Package: nicefrac 1998/08/04 v0.9b Nice fractions
\L@UnitsRaiseDisplaystyle=\skip77
\L@UnitsRaiseTextstyle=\skip78
\L@UnitsRaiseScriptstyle=\skip79
 (/opt/homebrew/Cellar/texlive/20260301/share/texmf-dist/tex/latex/base/ifthen.sty
Package: ifthen 2024/03/16 v1.1e Standard LaTeX ifthen package (DPC)
)) (/opt/homebrew/Cellar/texlive/20260301/share/texmf-dist/tex/latex/import/import.sty
Package: import 2020/04/01  v 6.2
) (/opt/homebrew/Cellar/texlive/20260301/share/texmf-dist/tex/latex/cancel/cancel.sty
Package: cancel 2013/04/12 v2.2 Cancel math terms
) (/opt/homebrew/Cellar/texlive/20260301/share/texmf-dist/tex/latex/jknapltx/mathrsfs.sty
Package: mathrsfs 1996/01/01 Math RSFS package v1.0 (jk)
\symrsfs=\mathgroup6
) (/opt/homebrew/Cellar/texlive/20260301/share/texmf-dist/tex/latex/esint/esint.sty
Package: esint 
\symlargesymbolsA=\mathgroup7
) (/opt/homebrew/Cellar/texlive/20260301/share/texmf-dist/tex/latex/framed/framed.sty
Package: framed 2011/10/22 v 0.96: framed or shaded text with page breaks
\OuterFrameSep=\skip80
\fb@frw=\dimen175
\fb@frh=\dimen176
\FrameRule=\dimen177
\FrameSep=\dimen178
) (/opt/homebrew/Cellar/texlive/20260301/share/texmf-dist/tex/latex/stmaryrd/stmaryrd.sty
Package: stmaryrd 1994/03/03 St Mary's Road symbol package
\symstmry=\mathgroup8
LaTeX Font Info:    Overwriting symbol font `stmry' in version `bold'
(Font)                  U/stmry/m/n --> U/stmry/b/n on input line 89.
) (/opt/homebrew/Cellar/texlive/20260301/share/texmf-dist/tex/latex/pdfpages/pdfpages.sty
Package: pdfpages 2025/07/23 v0.6g Insert pages of external PDF documents (AM)
 (/opt/homebrew/Cellar/texlive/20260301/share/texmf-dist/tex/latex/eso-pic/eso-pic.sty
Package: eso-pic 2025/12/10 v3.0d eso-pic (RN)
\ESO@tempdima=\dimen179
\ESO@tempdimb=\dimen180
 (/opt/homebrew/Cellar/texlive/20260301/share/texmf-dist/tex/latex/xcolor/xcolor.sty
Package: xcolor 2024/09/29 v3.02 LaTeX color extensions (UK)
 (/opt/homebrew/Cellar/texlive/20260301/share/texmf-dist/tex/latex/graphics-cfg/color.cfg
File: color.cfg 2016/01/02 v1.6 sample color configuration
)
Package xcolor Info: Driver file: pdftex.def on input line 274.
 (/opt/homebrew/Cellar/texlive/20260301/share/texmf-dist/tex/latex/graphics/mathcolor.ltx)
Package xcolor Info: Model `cmy' substituted by `cmy0' on input line 1349.
Package xcolor Info: Model `hsb' substituted by `rgb' on input line 1353.
Package xcolor Info: Model `RGB' extended on input line 1365.
Package xcolor Info: Model `HTML' substituted by `rgb' on input line 1367.
Package xcolor Info: Model `Hsb' substituted by `hsb' on input line 1368.
Package xcolor Info: Model `tHsb' substituted by `hsb' on input line 1369.
Package xcolor Info: Model `HSB' substituted by `hsb' on input line 1370.
Package xcolor Info: Model `Gray' substituted by `gray' on input line 1371.
Package xcolor Info: Model `wave' substituted by `hsb' on input line 1372.
))
\AM@pagewidth=\dimen181
\AM@pageheight=\dimen182
\AM@fboxrule=\dimen183
 (/opt/homebrew/Cellar/texlive/20260301/share/texmf-dist/tex/latex/pdfpages/pppdftex.def
File: pppdftex.def 2025/07/23 v0.6g Pdfpages driver for pdfTeX (AM)
)
\pdfpages@includegraphics@status=\count313
\AM@pagebox=\box63
\AM@global@opts=\toks29
\AM@pagecnt=\count314
\AM@toc@title=\toks30
\AM@lof@heading=\toks31
\c@AM@survey=\count315
\AM@templatesizebox=\box64
) (/opt/homebrew/Cellar/texlive/20260301/share/texmf-dist/tex/latex/hyperref/hyperref.sty
Package: hyperref 2026-01-29 v7.01p Hypertext links for LaTeX
 (/opt/homebrew/Cellar/texlive/20260301/share/texmf-dist/tex/latex/kvsetkeys/kvsetkeys.sty
Package: kvsetkeys 2022-10-05 v1.19 Key value parser (HO)
) (/opt/homebrew/Cellar/texlive/20260301/share/texmf-dist/tex/generic/kvdefinekeys/kvdefinekeys.sty
Package: kvdefinekeys 2019-12-19 v1.6 Define keys (HO)
) (/opt/homebrew/Cellar/texlive/20260301/share/texmf-dist/tex/generic/pdfescape/pdfescape.sty
Package: pdfescape 2019/12/09 v1.15 Implements pdfTeX's escape features (HO)
 (/opt/homebrew/Cellar/texlive/20260301/share/texmf-dist/tex/generic/ltxcmds/ltxcmds.sty
Package: ltxcmds 2023-12-04 v1.26 LaTeX kernel commands for general use (HO)
) (/opt/homebrew/Cellar/texlive/20260301/share/texmf-dist/tex/generic/pdftexcmds/pdftexcmds.sty
Package: pdftexcmds 2020-06-27 v0.33 Utility functions of pdfTeX for LuaTeX (HO)
 (/opt/homebrew/Cellar/texlive/20260301/share/texmf-dist/tex/generic/infwarerr/infwarerr.sty
Package: infwarerr 2019/12/03 v1.5 Providing info/warning/error messages (HO)
)
Package pdftexcmds Info: \pdf@primitive is available.
Package pdftexcmds Info: \pdf@ifprimitive is available.
Package pdftexcmds Info: \pdfdraftmode found.
)) (/opt/homebrew/Cellar/texlive/20260301/share/texmf-dist/tex/latex/hycolor/hycolor.sty
Package: hycolor 2020-01-27 v1.10 Color options for hyperref/bookmark (HO)
) (/opt/homebrew/Cellar/texlive/20260301/share/texmf-dist/tex/latex/hyperref/nameref.sty
Package: nameref 2026-01-29 v2.58 Cross-referencing by name of section
 (/opt/homebrew/Cellar/texlive/20260301/share/texmf-dist/tex/latex/refcount/refcount.sty
Package: refcount 2019/12/15 v3.6 Data extraction from label references (HO)
) (/opt/homebrew/Cellar/texlive/20260301/share/texmf-dist/tex/generic/gettitlestring/gettitlestring.sty
Package: gettitlestring 2019/12/15 v1.6 Cleanup title references (HO)
 (/opt/homebrew/Cellar/texlive/20260301/share/texmf-dist/tex/latex/kvoptions/kvoptions.sty
Package: kvoptions 2022-06-15 v3.15 Key value format for package options (HO)
))
\c@section@level=\count316
) (/opt/homebrew/Cellar/texlive/20260301/share/texmf-dist/tex/generic/stringenc/stringenc.sty
Package: stringenc 2019/11/29 v1.12 Convert strings between diff. encodings (HO)
)
\@linkdim=\dimen184
\Hy@linkcounter=\count317
\Hy@pagecounter=\count318
 (/opt/homebrew/Cellar/texlive/20260301/share/texmf-dist/tex/latex/hyperref/pd1enc.def
File: pd1enc.def 2026-01-29 v7.01p Hyperref: PDFDocEncoding definition (HO)
Now handling font encoding PD1 ...
... no UTF-8 mapping file for font encoding PD1
) (/opt/homebrew/Cellar/texlive/20260301/share/texmf-dist/tex/generic/intcalc/intcalc.sty
Package: intcalc 2019/12/15 v1.3 Expandable calculations with integers (HO)
)
\Hy@SavedSpaceFactor=\count319
 (/opt/homebrew/Cellar/texlive/20260301/share/texmf-dist/tex/latex/hyperref/puenc.def
File: puenc.def 2026-01-29 v7.01p Hyperref: PDF Unicode definition (HO)
Now handling font encoding PU ...
... no UTF-8 mapping file for font encoding PU
)
Package hyperref Info: Option `unicode' set `true' on input line 4072.
Package hyperref Info: Option `psdextra' set `true' on input line 4072.
 (/opt/homebrew/Cellar/texlive/20260301/share/texmf-dist/tex/latex/hyperref/psdextra.def
File: psdextra.def 2026-01-29 v7.01p Hyperref: Additions to PDF string support
)
Package hyperref Info: Option `colorlinks' set `false' on input line 4072.
Package hyperref Info: Hyper figures OFF on input line 4201.
Package hyperref Info: Link nesting OFF on input line 4206.
Package hyperref Info: Hyper index ON on input line 4209.
Package hyperref Info: Plain pages OFF on input line 4216.
Package hyperref Info: Backreferencing OFF on input line 4221.
Package hyperref Info: Implicit mode ON; LaTeX internals redefined.
Package hyperref Info: Bookmarks ON on input line 4468.
\c@Hy@tempcnt=\count320
 (/opt/homebrew/Cellar/texlive/20260301/share/texmf-dist/tex/latex/url/url.sty
\Urlmuskip=\muskip18
Package: url 2013/09/16  ver 3.4  Verb mode for urls, etc.
)
LaTeX Info: Redefining \url on input line 4807.
\XeTeXLinkMargin=\dimen185
 (/opt/homebrew/Cellar/texlive/20260301/share/texmf-dist/tex/generic/bitset/bitset.sty
Package: bitset 2019/12/09 v1.3 Handle bit-vector datatype (HO)
 (/opt/homebrew/Cellar/texlive/20260301/share/texmf-dist/tex/generic/bigintcalc/bigintcalc.sty
Package: bigintcalc 2019/12/15 v1.5 Expandable calculations on big integers (HO)
))
\Fld@menulength=\count321
\Field@Width=\dimen186
\Fld@charsize=\dimen187
Package hyperref Info: Hyper figures OFF on input line 6084.
Package hyperref Info: Link nesting OFF on input line 6089.
Package hyperref Info: Hyper index ON on input line 6092.
Package hyperref Info: backreferencing OFF on input line 6099.
Package hyperref Info: Link coloring OFF on input line 6104.
Package hyperref Info: Link coloring with OCG OFF on input line 6109.
Package hyperref Info: PDF/A mode OFF on input line 6114.
\Hy@abspage=\count322
\c@Item=\count323
\c@Hfootnote=\count324
)
Package hyperref Info: Driver (autodetected): hpdftex.
 (/opt/homebrew/Cellar/texlive/20260301/share/texmf-dist/tex/latex/hyperref/hpdftex.def
File: hpdftex.def 2026-01-29 v7.01p Hyperref driver for pdfTeX
\Fld@listcount=\count325
\c@bookmark@seq@number=\count326
 (/opt/homebrew/Cellar/texlive/20260301/share/texmf-dist/tex/latex/rerunfilecheck/rerunfilecheck.sty
Package: rerunfilecheck 2025-06-21 v1.11 Rerun checks for auxiliary files (HO)
 (/opt/homebrew/Cellar/texlive/20260301/share/texmf-dist/tex/generic/uniquecounter/uniquecounter.sty
Package: uniquecounter 2019/12/15 v1.4 Provide unlimited unique counter (HO)
)
Package uniquecounter Info: New unique counter `rerunfilecheck' on input line 284.
)
\Hy@SectionHShift=\skip81
) (/opt/homebrew/Cellar/texlive/20260301/share/texmf-dist/tex/latex/csquotes/csquotes.sty
Package: csquotes 2024-04-04 v5.2o context-sensitive quotations (JAW)
\csq@reset=\count327
\csq@gtype=\count328
\csq@glevel=\count329
\csq@qlevel=\count330
\csq@maxlvl=\count331
\csq@tshold=\count332
\csq@ltx@everypar=\toks32
 (/opt/homebrew/Cellar/texlive/20260301/share/texmf-dist/tex/latex/csquotes/csquotes.def
File: csquotes.def 2024-04-04 v5.2o csquotes generic definitions (JAW)
)
Package csquotes Info: Trying to load configuration file 'csquotes.cfg'...
Package csquotes Info: ... configuration file loaded successfully.
 (/opt/homebrew/Cellar/texlive/20260301/share/texmf-dist/tex/latex/csquotes/csquotes.cfg
File: csquotes.cfg 
)
Package csquotes Info: Disabling multilingual quotes.
Package csquotes Info: Redefining alias 'default' -> 'english'.
) (/opt/homebrew/Cellar/texlive/20260301/share/texmf-dist/tex/latex/ntheorem/ntheorem.sty
Style `ntheorem', Version 1.33 <2011/08/15>
Package: ntheorem 2011/08/15 1.33
\theorem@style=\toks33
\theorem@@style=\toks34
\theorembodyfont=\toks35
\theoremnumbering=\toks36
\theorempreskipamount=\skip82
\theorempostskipamount=\skip83
\theoremframepreskipamount=\skip84
\theoremframepostskipamount=\skip85
\theoreminframepreskipamount=\skip86
\theoreminframepostskipamount=\skip87
\theorem@preskip=\toks37
\theorem@postskip=\toks38
\theorem@framepreskip=\toks39
\theorem@framepostskip=\toks40
\theorem@inframepreskip=\toks41
\theorem@inframepostskip=\toks42
\theoremindent=\dimen188
\theorem@indent=\dimen189
\theoremrightindent=\dimen190
\theorem@rightindent=\dimen191
\theoremheaderfont=\toks43
\theoremseparator=\toks44
\theoremprework=\toks45
\theorempostwork=\toks46
\theoremsymbol=\toks47
\qedsymbol=\toks48
\theoremkeyword=\toks49
\qedsymbol=\toks50
\thm@topsep=\skip88
\thm@topsepadd=\skip89
Package ntheorem Info: Option `thmmarks' loaded on input line 1175.
\c@endNonectr=\count333
\c@currNonectr=\count334
\mysavskip=\skip90
Package ntheorem Info: option `amsmath' handling for `thmmarks' loaded on input line 1175.
\thm@amstmpdepth=\dimen192
\tagwidth=\dimen193
) (/opt/homebrew/Cellar/texlive/20260301/share/texmf-dist/tex/latex/cleveref/cleveref.sty
Package: cleveref 2018/03/27 v0.21.4 Intelligent cross-referencing
Package cleveref Info: `hyperref' support loaded on input line 2370.
LaTeX Info: Redefining \cref on input line 2370.
LaTeX Info: Redefining \Cref on input line 2370.
LaTeX Info: Redefining \crefrange on input line 2370.
LaTeX Info: Redefining \Crefrange on input line 2370.
LaTeX Info: Redefining \cpageref on input line 2370.
LaTeX Info: Redefining \Cpageref on input line 2370.
LaTeX Info: Redefining \cpagerefrange on input line 2370.
LaTeX Info: Redefining \Cpagerefrange on input line 2370.
LaTeX Info: Redefining \labelcref on input line 2370.
LaTeX Info: Redefining \labelcpageref on input line 2370.
Package cleveref Info: `ntheorem' support loaded on input line 3055.
Package cleveref Info: always capitalise cross-reference names on input line 7830.
Package cleveref Info: include cross-reference names in hyperlinks on input line 7836.
Package cleveref Info: always capitalise cross-reference names on input line 7852.
Package cleveref Info: include cross-reference names in hyperlinks on input line 7852.
)
==> First Aid for cleveref.sty applied!
\c@currPropositionctr=\count335
\c@endPropositionctr=\count336
\c@Proposition=\count337
\c@currTheoremctr=\count338
\c@endTheoremctr=\count339
\c@currLemmactr=\count340
\c@endLemmactr=\count341
\c@currCorollaryctr=\count342
\c@endCorollaryctr=\count343
\c@currDefinitionctr=\count344
\c@endDefinitionctr=\count345
\c@currReminderctr=\count346
\c@endReminderctr=\count347
\c@currRemarkctr=\count348
\c@endRemarkctr=\count349
\c@currExamplectr=\count350
\c@endExamplectr=\count351
\c@currMotivationctr=\count352
\c@endMotivationctr=\count353
\c@currConstructionctr=\count354
\c@endConstructionctr=\count355
\c@currNotationctr=\count356
\c@endNotationctr=\count357
\c@currProofctr=\count358
\c@endProofctr=\count359
\c@Proof=\count360
(/opt/homebrew/Cellar/texlive/20260301/share/texmf-dist/tex/latex/pgf/frontendlayer/tikz.sty (/opt/homebrew/Cellar/texlive/20260301/share/texmf-dist/tex/latex/pgf/basiclayer/pgf.sty (/opt/homebrew/Cellar/texlive/20260301/share/texmf-dist/tex/latex/pgf/utilities/pgfrcs.sty (/opt/homebrew/Cellar/texlive/20260301/share/texmf-dist/tex/generic/pgf/utilities/pgfutil-common.tex
\pgfutil@everybye=\toks51
\pgfutil@tempdima=\dimen194
\pgfutil@tempdimb=\dimen195
) (/opt/homebrew/Cellar/texlive/20260301/share/texmf-dist/tex/generic/pgf/utilities/pgfutil-latex.def
\pgfutil@abb=\box65
) (/opt/homebrew/Cellar/texlive/20260301/share/texmf-dist/tex/generic/pgf/utilities/pgfrcs.code.tex (/opt/homebrew/Cellar/texlive/20260301/share/texmf-dist/tex/generic/pgf/pgf.revision.tex)
Package: pgfrcs 2025-08-29 v3.1.11a (3.1.11a)
))
Package: pgf 2025-08-29 v3.1.11a (3.1.11a)
 (/opt/homebrew/Cellar/texlive/20260301/share/texmf-dist/tex/latex/pgf/basiclayer/pgfcore.sty (/opt/homebrew/Cellar/texlive/20260301/share/texmf-dist/tex/latex/pgf/systemlayer/pgfsys.sty (/opt/homebrew/Cellar/texlive/20260301/share/texmf-dist/tex/generic/pgf/systemlayer/pgfsys.code.tex
Package: pgfsys 2025-08-29 v3.1.11a (3.1.11a)
 (/opt/homebrew/Cellar/texlive/20260301/share/texmf-dist/tex/generic/pgf/utilities/pgfkeys.code.tex
\pgfkeys@pathtoks=\toks52
\pgfkeys@temptoks=\toks53
 (/opt/homebrew/Cellar/texlive/20260301/share/texmf-dist/tex/generic/pgf/utilities/pgfkeyslibraryfiltered.code.tex
\pgfkeys@tmptoks=\toks54
))
\pgf@x=\dimen196
\pgf@y=\dimen197
\pgf@xa=\dimen198
\pgf@ya=\dimen199
\pgf@xb=\dimen256
\pgf@yb=\dimen257
\pgf@xc=\dimen258
\pgf@yc=\dimen259
\pgf@xd=\dimen260
\pgf@yd=\dimen261
\w@pgf@writea=\write3
\r@pgf@reada=\read3
\c@pgf@counta=\count361
\c@pgf@countb=\count362
\c@pgf@countc=\count363
\c@pgf@countd=\count364
\t@pgf@toka=\toks55
\t@pgf@tokb=\toks56
\t@pgf@tokc=\toks57
\pgf@sys@id@count=\count365
 (/opt/homebrew/Cellar/texlive/20260301/share/texmf-dist/tex/generic/pgf/systemlayer/pgf.cfg
File: pgf.cfg 2025-08-29 v3.1.11a (3.1.11a)
)
Driver file for pgf: pgfsys-pdftex.def
 (/opt/homebrew/Cellar/texlive/20260301/share/texmf-dist/tex/generic/pgf/systemlayer/pgfsys-pdftex.def
File: pgfsys-pdftex.def 2025-08-29 v3.1.11a (3.1.11a)
 (/opt/homebrew/Cellar/texlive/20260301/share/texmf-dist/tex/generic/pgf/systemlayer/pgfsys-common-pdf.def
File: pgfsys-common-pdf.def 2025-08-29 v3.1.11a (3.1.11a)
))) (/opt/homebrew/Cellar/texlive/20260301/share/texmf-dist/tex/generic/pgf/systemlayer/pgfsyssoftpath.code.tex
File: pgfsyssoftpath.code.tex 2025-08-29 v3.1.11a (3.1.11a)
\pgfsyssoftpath@smallbuffer@items=\count366
\pgfsyssoftpath@bigbuffer@items=\count367
) (/opt/homebrew/Cellar/texlive/20260301/share/texmf-dist/tex/generic/pgf/systemlayer/pgfsysprotocol.code.tex
File: pgfsysprotocol.code.tex 2025-08-29 v3.1.11a (3.1.11a)
)) (/opt/homebrew/Cellar/texlive/20260301/share/texmf-dist/tex/generic/pgf/basiclayer/pgfcore.code.tex
Package: pgfcore 2025-08-29 v3.1.11a (3.1.11a)
 (/opt/homebrew/Cellar/texlive/20260301/share/texmf-dist/tex/generic/pgf/math/pgfmath.code.tex (/opt/homebrew/Cellar/texlive/20260301/share/texmf-dist/tex/generic/pgf/math/pgfmathutil.code.tex) (/opt/homebrew/Cellar/texlive/20260301/share/texmf-dist/tex/generic/pgf/math/pgfmathparser.code.tex
\pgfmath@dimen=\dimen262
\pgfmath@count=\count368
\pgfmath@box=\box66
\pgfmath@toks=\toks58
\pgfmath@stack@operand=\toks59
\pgfmath@stack@operation=\toks60
) (/opt/homebrew/Cellar/texlive/20260301/share/texmf-dist/tex/generic/pgf/math/pgfmathfunctions.code.tex) (/opt/homebrew/Cellar/texlive/20260301/share/texmf-dist/tex/generic/pgf/math/pgfmathfunctions.basic.code.tex) (/opt/homebrew/Cellar/texlive/20260301/share/texmf-dist/tex/generic/pgf/math/pgfmathfunctions.trigonometric.code.tex) (/opt/homebrew/Cellar/texlive/20260301/share/texmf-dist/tex/generic/pgf/math/pgfmathfunctions.random.code.tex) (/opt/homebrew/Cellar/texlive/20260301/share/texmf-dist/tex/generic/pgf/math/pgfmathfunctions.comparison.code.tex) (/opt/homebrew/Cellar/texlive/20260301/share/texmf-dist/tex/generic/pgf/math/pgfmathfunctions.base.code.tex) (/opt/homebrew/Cellar/texlive/20260301/share/texmf-dist/tex/generic/pgf/math/pgfmathfunctions.round.code.tex) (/opt/homebrew/Cellar/texlive/20260301/share/texmf-dist/tex/generic/pgf/math/pgfmathfunctions.misc.code.tex) (/opt/homebrew/Cellar/texlive/20260301/share/texmf-dist/tex/generic/pgf/math/pgfmathfunctions.integerarithmetics.code.tex) (/opt/homebrew/Cellar/texlive/20260301/share/texmf-dist/tex/generic/pgf/math/pgfmathcalc.code.tex) (/opt/homebrew/Cellar/texlive/20260301/share/texmf-dist/tex/generic/pgf/math/pgfmathfloat.code.tex
\c@pgfmathroundto@lastzeros=\count369
)) (/opt/homebrew/Cellar/texlive/20260301/share/texmf-dist/tex/generic/pgf/math/pgfint.code.tex) (/opt/homebrew/Cellar/texlive/20260301/share/texmf-dist/tex/generic/pgf/basiclayer/pgfcorepoints.code.tex
File: pgfcorepoints.code.tex 2025-08-29 v3.1.11a (3.1.11a)
\pgf@picminx=\dimen263
\pgf@picmaxx=\dimen264
\pgf@picminy=\dimen265
\pgf@picmaxy=\dimen266
\pgf@pathminx=\dimen267
\pgf@pathmaxx=\dimen268
\pgf@pathminy=\dimen269
\pgf@pathmaxy=\dimen270
\pgf@xx=\dimen271
\pgf@xy=\dimen272
\pgf@yx=\dimen273
\pgf@yy=\dimen274
\pgf@zx=\dimen275
\pgf@zy=\dimen276
) (/opt/homebrew/Cellar/texlive/20260301/share/texmf-dist/tex/generic/pgf/basiclayer/pgfcorepathconstruct.code.tex
File: pgfcorepathconstruct.code.tex 2025-08-29 v3.1.11a (3.1.11a)
\pgf@path@lastx=\dimen277
\pgf@path@lasty=\dimen278
) (/opt/homebrew/Cellar/texlive/20260301/share/texmf-dist/tex/generic/pgf/basiclayer/pgfcorepathusage.code.tex
File: pgfcorepathusage.code.tex 2025-08-29 v3.1.11a (3.1.11a)
\pgf@shorten@end@additional=\dimen279
\pgf@shorten@start@additional=\dimen280
) (/opt/homebrew/Cellar/texlive/20260301/share/texmf-dist/tex/generic/pgf/basiclayer/pgfcorescopes.code.tex
File: pgfcorescopes.code.tex 2025-08-29 v3.1.11a (3.1.11a)
\pgfpic=\box67
\pgf@hbox=\box68
\pgf@layerbox@main=\box69
\pgf@picture@serial@count=\count370
) (/opt/homebrew/Cellar/texlive/20260301/share/texmf-dist/tex/generic/pgf/basiclayer/pgfcoregraphicstate.code.tex
File: pgfcoregraphicstate.code.tex 2025-08-29 v3.1.11a (3.1.11a)
\pgflinewidth=\dimen281
) (/opt/homebrew/Cellar/texlive/20260301/share/texmf-dist/tex/generic/pgf/basiclayer/pgfcoretransformations.code.tex
File: pgfcoretransformations.code.tex 2025-08-29 v3.1.11a (3.1.11a)
\pgf@pt@x=\dimen282
\pgf@pt@y=\dimen283
\pgf@pt@temp=\dimen284
) (/opt/homebrew/Cellar/texlive/20260301/share/texmf-dist/tex/generic/pgf/basiclayer/pgfcorequick.code.tex
File: pgfcorequick.code.tex 2025-08-29 v3.1.11a (3.1.11a)
) (/opt/homebrew/Cellar/texlive/20260301/share/texmf-dist/tex/generic/pgf/basiclayer/pgfcoreobjects.code.tex
File: pgfcoreobjects.code.tex 2025-08-29 v3.1.11a (3.1.11a)
) (/opt/homebrew/Cellar/texlive/20260301/share/texmf-dist/tex/generic/pgf/basiclayer/pgfcorepathprocessing.code.tex
File: pgfcorepathprocessing.code.tex 2025-08-29 v3.1.11a (3.1.11a)
) (/opt/homebrew/Cellar/texlive/20260301/share/texmf-dist/tex/generic/pgf/basiclayer/pgfcorearrows.code.tex
File: pgfcorearrows.code.tex 2025-08-29 v3.1.11a (3.1.11a)
\pgfarrowsep=\dimen285
) (/opt/homebrew/Cellar/texlive/20260301/share/texmf-dist/tex/generic/pgf/basiclayer/pgfcoreshade.code.tex
File: pgfcoreshade.code.tex 2025-08-29 v3.1.11a (3.1.11a)
\pgf@max=\dimen286
\pgf@sys@shading@range@num=\count371
\pgf@shadingcount=\count372
) (/opt/homebrew/Cellar/texlive/20260301/share/texmf-dist/tex/generic/pgf/basiclayer/pgfcoreimage.code.tex
File: pgfcoreimage.code.tex 2025-08-29 v3.1.11a (3.1.11a)
) (/opt/homebrew/Cellar/texlive/20260301/share/texmf-dist/tex/generic/pgf/basiclayer/pgfcoreexternal.code.tex
File: pgfcoreexternal.code.tex 2025-08-29 v3.1.11a (3.1.11a)
\pgfexternal@startupbox=\box70
) (/opt/homebrew/Cellar/texlive/20260301/share/texmf-dist/tex/generic/pgf/basiclayer/pgfcorelayers.code.tex
File: pgfcorelayers.code.tex 2025-08-29 v3.1.11a (3.1.11a)
) (/opt/homebrew/Cellar/texlive/20260301/share/texmf-dist/tex/generic/pgf/basiclayer/pgfcoretransparency.code.tex
File: pgfcoretransparency.code.tex 2025-08-29 v3.1.11a (3.1.11a)
) (/opt/homebrew/Cellar/texlive/20260301/share/texmf-dist/tex/generic/pgf/basiclayer/pgfcorepatterns.code.tex
File: pgfcorepatterns.code.tex 2025-08-29 v3.1.11a (3.1.11a)
) (/opt/homebrew/Cellar/texlive/20260301/share/texmf-dist/tex/generic/pgf/basiclayer/pgfcorerdf.code.tex
File: pgfcorerdf.code.tex 2025-08-29 v3.1.11a (3.1.11a)
))) (/opt/homebrew/Cellar/texlive/20260301/share/texmf-dist/tex/generic/pgf/modules/pgfmoduleshapes.code.tex
File: pgfmoduleshapes.code.tex 2025-08-29 v3.1.11a (3.1.11a)
\pgfnodeparttextbox=\box71
) (/opt/homebrew/Cellar/texlive/20260301/share/texmf-dist/tex/generic/pgf/modules/pgfmoduleplot.code.tex
File: pgfmoduleplot.code.tex 2025-08-29 v3.1.11a (3.1.11a)
) (/opt/homebrew/Cellar/texlive/20260301/share/texmf-dist/tex/latex/pgf/compatibility/pgfcomp-version-0-65.sty
Package: pgfcomp-version-0-65 2025-08-29 v3.1.11a (3.1.11a)
\pgf@nodesepstart=\dimen287
\pgf@nodesepend=\dimen288
) (/opt/homebrew/Cellar/texlive/20260301/share/texmf-dist/tex/latex/pgf/compatibility/pgfcomp-version-1-18.sty
Package: pgfcomp-version-1-18 2025-08-29 v3.1.11a (3.1.11a)
)) (/opt/homebrew/Cellar/texlive/20260301/share/texmf-dist/tex/latex/pgf/utilities/pgffor.sty (/opt/homebrew/Cellar/texlive/20260301/share/texmf-dist/tex/latex/pgf/utilities/pgfkeys.sty (/opt/homebrew/Cellar/texlive/20260301/share/texmf-dist/tex/generic/pgf/utilities/pgfkeys.code.tex)) (/opt/homebrew/Cellar/texlive/20260301/share/texmf-dist/tex/latex/pgf/math/pgfmath.sty (/opt/homebrew/Cellar/texlive/20260301/share/texmf-dist/tex/generic/pgf/math/pgfmath.code.tex)) (/opt/homebrew/Cellar/texlive/20260301/share/texmf-dist/tex/generic/pgf/utilities/pgffor.code.tex
Package: pgffor 2025-08-29 v3.1.11a (3.1.11a)
\pgffor@iter=\dimen289
\pgffor@skip=\dimen290
\pgffor@stack=\toks61
\pgffor@toks=\toks62
)) (/opt/homebrew/Cellar/texlive/20260301/share/texmf-dist/tex/generic/pgf/frontendlayer/tikz/tikz.code.tex
Package: tikz 2025-08-29 v3.1.11a (3.1.11a)
 (/opt/homebrew/Cellar/texlive/20260301/share/texmf-dist/tex/generic/pgf/libraries/pgflibraryplothandlers.code.tex
File: pgflibraryplothandlers.code.tex 2025-08-29 v3.1.11a (3.1.11a)
\pgf@plot@mark@count=\count373
\pgfplotmarksize=\dimen291
)
\tikz@lastx=\dimen292
\tikz@lasty=\dimen293
\tikz@lastxsaved=\dimen294
\tikz@lastysaved=\dimen295
\tikz@lastmovetox=\dimen296
\tikz@lastmovetoy=\dimen297
\tikzleveldistance=\dimen298
\tikzsiblingdistance=\dimen299
\tikz@figbox=\box72
\tikz@figbox@bg=\box73
\tikz@tempbox=\box74
\tikz@tempbox@bg=\box75
\tikztreelevel=\count374
\tikznumberofchildren=\count375
\tikznumberofcurrentchild=\count376
\tikz@fig@count=\count377
 (/opt/homebrew/Cellar/texlive/20260301/share/texmf-dist/tex/generic/pgf/modules/pgfmodulematrix.code.tex
File: pgfmodulematrix.code.tex 2025-08-29 v3.1.11a (3.1.11a)
\pgfmatrixcurrentrow=\count378
\pgfmatrixcurrentcolumn=\count379
\pgf@matrix@numberofcolumns=\count380
)
\tikz@expandcount=\count381
 (/opt/homebrew/Cellar/texlive/20260301/share/texmf-dist/tex/generic/pgf/frontendlayer/tikz/libraries/tikzlibrarytopaths.code.tex
File: tikzlibrarytopaths.code.tex 2025-08-29 v3.1.11a (3.1.11a)
))) (/opt/homebrew/Cellar/texlive/20260301/share/texmf-dist/tex/generic/tikz-cd/tikzlibrarycd.code.tex (/opt/homebrew/Cellar/texlive/20260301/share/texmf-dist/tex/generic/pgf/frontendlayer/tikz/libraries/tikzlibrarymatrix.code.tex
File: tikzlibrarymatrix.code.tex 2025-08-29 v3.1.11a (3.1.11a)
) (/opt/homebrew/Cellar/texlive/20260301/share/texmf-dist/tex/generic/pgf/frontendlayer/tikz/libraries/tikzlibraryquotes.code.tex
File: tikzlibraryquotes.code.tex 2025-08-29 v3.1.11a (3.1.11a)
) (/opt/homebrew/Cellar/texlive/20260301/share/texmf-dist/tex/generic/pgf/libraries/pgflibraryarrows.meta.code.tex
File: pgflibraryarrows.meta.code.tex 2025-08-29 v3.1.11a (3.1.11a)
\pgfarrowinset=\dimen300
\pgfarrowlength=\dimen301
\pgfarrowwidth=\dimen302
\pgfarrowlinewidth=\dimen303
)) (/opt/homebrew/Cellar/texlive/20260301/share/texmf-dist/tex/generic/pgf/frontendlayer/tikz/libraries/tikzlibrarybabel.code.tex
File: tikzlibrarybabel.code.tex 2025-08-29 v3.1.11a (3.1.11a)
) (/opt/homebrew/Cellar/texlive/20260301/share/texmf-dist/tex/latex/caption/caption.sty
Package: caption 2023/08/05 v3.6o Customizing captions (AR)

Package tocbasic Info: Loading of class-dependent code for package caption3
(tocbasic)             prevented on line 50.

 (/opt/homebrew/Cellar/texlive/20260301/share/texmf-dist/tex/latex/caption/caption3.sty
Package: caption3 2023/07/31 v2.4d caption3 kernel (AR)
\caption@tempdima=\dimen304
\captionmargin=\dimen305
\caption@leftmargin=\dimen306
\caption@rightmargin=\dimen307
\caption@width=\dimen308
\caption@indent=\dimen309
\caption@parindent=\dimen310
\caption@hangindent=\dimen311
)
\c@caption@flags=\count382
\c@continuedfloat=\count383
Package caption Info: hyperref package is loaded.
) (/opt/homebrew/Cellar/texlive/20260301/share/texmf-dist/tex/latex/caption/subcaption.sty
Package: subcaption 2023/07/28 v1.6b Sub-captions (AR)
Package caption Info: New subtype `subfigure' on input line 238.
\c@subfigure=\count384
Package caption Info: New subtype `subtable' on input line 238.
\c@subtable=\count385
)
LaTeX Font Info:    Overwriting symbol font `stmry' in version `bold'
(Font)                  U/stmry/b/n --> U/stmry/m/n on input line 262.
 (/opt/homebrew/Cellar/texlive/20260301/share/texmf-dist/tex/latex/ieeetran/IEEEtrantools.sty
Package: IEEEtrantools 2015/08/26 V1.5 by Michael Shell

-- See the "IEEEtrantools_doc.txt" manual for usage information.
-- http://www.michaelshell.org/tex/ieeetran/tools/
\@IEEEtrantmpdimenA=\dimen312
\@IEEEtrantmpdimenB=\dimen313
\@IEEEtrantmpdimenC=\dimen314
\@IEEEtrantmpcountA=\count386
\@IEEEtrantmpcountB=\count387
\@IEEEtrantmpcountC=\count388
\@IEEEtrantmptoksA=\toks63
\IEEEnormaljot=\dimen315
\IEEEquantizedlength=\dimen316
\IEEEquantizedlengthdiff=\dimen317
\IEEEquantizedtextheightdiff=\dimen318
\IEEEilabelindentA=\dimen319
\IEEEilabelindentB=\dimen320
\IEEEilabelindent=\dimen321
\IEEEelabelindent=\dimen322
\IEEEdlabelindent=\dimen323
\IEEElabelindent=\dimen324
\IEEEiednormlabelsep=\dimen325
\IEEEiedmathlabelsep=\dimen326
\IEEEiedtopsep=\skip91
\c@IEEEsubequation=\count389
\@IEEEeqnnumcols=\count390
\@IEEEeqncolcnt=\count391
\@IEEEsubeqnnumrollback=\count392
\IEEEPARstartletwidth=\dimen327
)) (./Options.tex
Class scrbook Info: File `scrsize12pt.clo' used to setup font sizes on input line 8.
 (/opt/homebrew/Cellar/texlive/20260301/share/texmf-dist/tex/latex/koma-script/scrsize12pt.clo
File: scrsize12pt.clo 2026/02/02 v3.49.2 KOMA-Script font size class option (12pt)
) (/opt/homebrew/Cellar/texlive/20260301/share/texmf-dist/tex/latex/biblatex/biblatex.sty
Package: biblatex 2025/07/10 v3.21 programmable bibliographies (PK/MW)
 (/opt/homebrew/Cellar/texlive/20260301/share/texmf-dist/tex/latex/logreq/logreq.sty
Package: logreq 2010/08/04 v1.0 xml request logger
\lrq@indent=\count393
 (/opt/homebrew/Cellar/texlive/20260301/share/texmf-dist/tex/latex/logreq/logreq.def
File: logreq.def 2010/08/04 v1.0 logreq spec v1.0
))
\c@tabx@nest=\count394
\c@listtotal=\count395
\c@listcount=\count396
\c@liststart=\count397
\c@liststop=\count398
\c@citecount=\count399
\c@citetotal=\count400
\c@multicitecount=\count401
\c@multicitetotal=\count402
\c@instcount=\count403
\c@maxnames=\count404
\c@minnames=\count405
\c@maxitems=\count406
\c@minitems=\count407
\c@citecounter=\count408
\c@maxcitecounter=\count409
\c@savedcitecounter=\count410
\c@uniquelist=\count411
\c@uniquename=\count412
\c@refsection=\count413
\c@refsegment=\count414
\c@maxextratitle=\count415
\c@maxextratitleyear=\count416
\c@maxextraname=\count417
\c@maxextradate=\count418
\c@maxextraalpha=\count419
\c@abbrvpenalty=\count420
\c@highnamepenalty=\count421
\c@lownamepenalty=\count422
\c@maxparens=\count423
\c@parenlevel=\count424
\blx@tempcnta=\count425
\blx@tempcntb=\count426
\blx@tempcntc=\count427
\c@blx@maxsection=\count428
\blx@maxsegment@0=\count429
\blx@notetype=\count430
\blx@parenlevel@text=\count431
\blx@parenlevel@foot=\count432
\blx@sectionciteorder@0=\count433
\blx@sectionciteorderinternal@0=\count434
\blx@entrysetcounter=\count435
\blx@biblioinstance=\count436
\labelnumberwidth=\skip92
\labelalphawidth=\skip93
\biblabelsep=\skip94
\bibitemsep=\skip95
\bibnamesep=\skip96
\bibinitsep=\skip97
\bibparsep=\skip98
\bibhang=\skip99
\blx@bcfin=\read4
\blx@bcfout=\write4
\blx@langwohyphens=\language92
\c@mincomprange=\count437
\c@maxcomprange=\count438
\c@mincompwidth=\count439
Package biblatex Info: Trying to load biblatex default data model...
Package biblatex Info: ... file 'blx-dm.def' found.
 (/opt/homebrew/Cellar/texlive/20260301/share/texmf-dist/tex/latex/biblatex/blx-dm.def
File: blx-dm.def 2025/07/10 v3.21 biblatex datamodel (PK/MW)
)
Package biblatex Info: Trying to load biblatex style data model...
Package biblatex Info: ... file 'numeric.dbx' not found.
Package biblatex Info: Trying to load biblatex custom data model...
Package biblatex Info: ... file 'biblatex-dm.cfg' not found.
\c@afterword=\count440
\c@savedafterword=\count441
\c@annotator=\count442
\c@savedannotator=\count443
\c@author=\count444
\c@savedauthor=\count445
\c@bookauthor=\count446
\c@savedbookauthor=\count447
\c@commentator=\count448
\c@savedcommentator=\count449
\c@editor=\count450
\c@savededitor=\count451
\c@editora=\count452
\c@savededitora=\count453
\c@editorb=\count454
\c@savededitorb=\count455
\c@editorc=\count456
\c@savededitorc=\count457
\c@foreword=\count458
\c@savedforeword=\count459
\c@holder=\count460
\c@savedholder=\count461
\c@introduction=\count462
\c@savedintroduction=\count463
\c@namea=\count464
\c@savednamea=\count465
\c@nameb=\count466
\c@savednameb=\count467
\c@namec=\count468
\c@savednamec=\count469
\c@translator=\count470
\c@savedtranslator=\count471
\c@shortauthor=\count472
\c@savedshortauthor=\count473
\c@shorteditor=\count474
\c@savedshorteditor=\count475
\c@labelname=\count476
\c@savedlabelname=\count477
\c@institution=\count478
\c@savedinstitution=\count479
\c@lista=\count480
\c@savedlista=\count481
\c@listb=\count482
\c@savedlistb=\count483
\c@listc=\count484
\c@savedlistc=\count485
\c@listd=\count486
\c@savedlistd=\count487
\c@liste=\count488
\c@savedliste=\count489
\c@listf=\count490
\c@savedlistf=\count491
\c@location=\count492
\c@savedlocation=\count493
\c@organization=\count494
\c@savedorganization=\count495
\c@origlocation=\count496
\c@savedoriglocation=\count497
\c@origpublisher=\count498
\c@savedorigpublisher=\count499
\c@publisher=\count500
\c@savedpublisher=\count501
\c@language=\count502
\c@savedlanguage=\count503
\c@origlanguage=\count504
\c@savedoriglanguage=\count505
\c@pageref=\count506
\c@savedpageref=\count507
\shorthandwidth=\skip100
\shortjournalwidth=\skip101
\shortserieswidth=\skip102
\shorttitlewidth=\skip103
\shortauthorwidth=\skip104
\shorteditorwidth=\skip105
\locallabelnumberwidth=\skip106
\locallabelalphawidth=\skip107
\localshorthandwidth=\skip108
\localshortjournalwidth=\skip109
\localshortserieswidth=\skip110
\localshorttitlewidth=\skip111
\localshortauthorwidth=\skip112
\localshorteditorwidth=\skip113
Package biblatex Info: Trying to load compatibility code...
Package biblatex Info: ... file 'blx-compat.def' found.
 (/opt/homebrew/Cellar/texlive/20260301/share/texmf-dist/tex/latex/biblatex/blx-compat.def
File: blx-compat.def 2025/07/10 v3.21 biblatex compatibility (PK/MW)
)
Package biblatex Info: Trying to load generic definitions...
Package biblatex Info: ... file 'biblatex.def' found.
 (/opt/homebrew/Cellar/texlive/20260301/share/texmf-dist/tex/latex/biblatex/biblatex.def
File: biblatex.def 2025/07/10 v3.21 biblatex compatibility (PK/MW)
\c@textcitecount=\count508
\c@textcitetotal=\count509
\c@textcitemaxnames=\count510
\c@biburlbigbreakpenalty=\count511
\c@biburlbreakpenalty=\count512
\c@biburlnumpenalty=\count513
\c@biburlucpenalty=\count514
\c@biburllcpenalty=\count515
\biburlbigskip=\muskip19
\biburlnumskip=\muskip20
\biburlucskip=\muskip21
\biburllcskip=\muskip22
\c@smartand=\count516
)
Package biblatex Info: Trying to load bibliography style 'numeric'...
Package biblatex Info: ... file 'numeric.bbx' found.
 (/opt/homebrew/Cellar/texlive/20260301/share/texmf-dist/tex/latex/biblatex/bbx/numeric.bbx
File: numeric.bbx 2025/07/10 v3.21 biblatex bibliography style (PK/MW)
Package biblatex Info: Trying to load bibliography style 'standard'...
Package biblatex Info: ... file 'standard.bbx' found.
 (/opt/homebrew/Cellar/texlive/20260301/share/texmf-dist/tex/latex/biblatex/bbx/standard.bbx
File: standard.bbx 2025/07/10 v3.21 biblatex bibliography style (PK/MW)
\c@bbx:relatedcount=\count517
\c@bbx:relatedtotal=\count518
))
Package biblatex Info: Trying to load citation style 'numeric'...
Package biblatex Info: ... file 'numeric.cbx' found.
 (/opt/homebrew/Cellar/texlive/20260301/share/texmf-dist/tex/latex/biblatex/cbx/numeric.cbx
File: numeric.cbx 2025/07/10 v3.21 biblatex citation style (PK/MW)
Package biblatex Info: Redefining '\cite'.
Package biblatex Info: Redefining '\parencite'.
Package biblatex Info: Redefining '\footcite'.
Package biblatex Info: Redefining '\footcitetext'.
Package biblatex Info: Redefining '\smartcite'.
Package biblatex Info: Redefining '\supercite'.
Package biblatex Info: Redefining '\textcite'.
Package biblatex Info: Redefining '\textcites'.
Package biblatex Info: Redefining '\cites'.
Package biblatex Info: Redefining '\parencites'.
Package biblatex Info: Redefining '\smartcites'.
)
Package biblatex Info: Trying to load configuration file...
Package biblatex Info: ... file 'biblatex.cfg' found.
 (/opt/homebrew/Cellar/texlive/20260301/share/texmf-dist/tex/latex/biblatex/biblatex.cfg
File: biblatex.cfg 
)
Package biblatex Info: Input encoding 'utf8' detected.
Package biblatex Info: Document encoding is UTF8 ....
 (/opt/homebrew/Cellar/texlive/20260301/share/texmf-dist/tex/latex/l3kernel/expl3.sty
Package: expl3 2026-01-19 L3 programming layer (loader) 
 (/opt/homebrew/Cellar/texlive/20260301/share/texmf-dist/tex/latex/l3backend/l3backend-pdftex.def
File: l3backend-pdftex.def 2025-10-09 L3 backend support: PDF output (pdfTeX)
\l__color_backend_stack_int=\count519
))
Package biblatex Info: ... and expl3
(biblatex)             2026-01-19 L3 programming layer (loader) 
(biblatex)             is new enough (at least 2020/04/06),
(biblatex)             setting 'casechanger=expl3'.
 (/opt/homebrew/Cellar/texlive/20260301/share/texmf-dist/tex/latex/biblatex/blx-case-expl3.sty (/opt/homebrew/Cellar/texlive/20260301/share/texmf-dist/tex/latex/l3packages/xparse/xparse.sty
Package: xparse 2025-10-09 L3 Experimental document command parser
)
Package: blx-case-expl3 2025/07/10 v3.21 expl3 case changing code for biblatex
)) (/opt/homebrew/Cellar/texlive/20260301/share/texmf-dist/tex/latex/booktabs/booktabs.sty
Package: booktabs 2020/01/12 v1.61803398 Publication quality tables
\heavyrulewidth=\dimen328
\lightrulewidth=\dimen329
\cmidrulewidth=\dimen330
\belowrulesep=\dimen331
\belowbottomsep=\dimen332
\aboverulesep=\dimen333
\abovetopsep=\dimen334
\cmidrulesep=\dimen335
\cmidrulekern=\dimen336
\defaultaddspace=\dimen337
\@cmidla=\count520
\@cmidlb=\count521
\@aboverulesep=\dimen338
\@belowrulesep=\dimen339
\@thisruleclass=\count522
\@lastruleclass=\count523
\@thisrulewidth=\dimen340
) (/opt/homebrew/Cellar/texlive/20260301/share/texmf-dist/tex/latex/tools/tabularx.sty
Package: tabularx 2023/12/11 v2.12a `tabularx' package (DPC)
\TX@col@width=\dimen341
\TX@old@table=\dimen342
\TX@old@col=\dimen343
\TX@target=\dimen344
\TX@delta=\dimen345
\TX@cols=\count524
\TX@ftn=\toks64
) (/opt/homebrew/Cellar/texlive/20260301/share/texmf-dist/tex/latex/tools/bm.sty
Package: bm 2025/10/21 v1.2g Bold Symbol Support (DPC/FMi)
\symboldoperators=\mathgroup9
\symboldletters=\mathgroup10
\symboldsymbols=\mathgroup11
Package bm Info: No bold for \OMX/lmex/m/n, using \pmb.
Package bm Info: No bold for \U/msa/m/n, using \pmb.
Package bm Info: No bold for \U/msb/m/n, using \pmb.
Package bm Info: No bold for \U/rsfs/m/n, using \pmb.
Package bm Info: No bold for \U/esint/m/n, using \pmb.
Package bm Info: No bold for \U/stmry/m/n, using \pmb.
LaTeX Font Info:    Redeclaring math alphabet \mathbf on input line 149.
) (/opt/homebrew/Cellar/texlive/20260301/share/texmf-dist/tex/latex/tools/xspace.sty
Package: xspace 2014/10/28 v1.13 Space after command names (DPC,MH)
))
Class scrbook Info: loading recommended package `bookmark'.
(scrbook)           Using `bookmark' together with `hyperref' is recommended,
(scrbook)           because of handling of possible bookmark level gaps.
(scrbook)           You can avoid loading `bookmark' with KOMA-Script option
(scrbook)           `bookmarkpackage=false' before \begin{document} and
(scrbook)           you can avoid this message adding:
(scrbook)             \usepackage{bookmark}
(scrbook)           before \begin{document} on input line 28.
 (/opt/homebrew/Cellar/texlive/20260301/share/texmf-dist/tex/latex/bookmark/bookmark.sty
Package: bookmark 2023-12-10 v1.31 PDF bookmarks (HO)
 (/opt/homebrew/Cellar/texlive/20260301/share/texmf-dist/tex/latex/bookmark/bkm-pdftex.def
File: bkm-pdftex.def 2023-12-10 v1.31 bookmark driver for pdfTeX and luaTeX (HO)
\BKM@id=\count525
))
LaTeX Font Info:    Trying to load font information for T1+lmr on input line 28.
 (/opt/homebrew/Cellar/texlive/20260301/share/texmf-dist/tex/latex/lm/t1lmr.fd
File: t1lmr.fd 2015/05/01 v1.6.1 Font defs for Latin Modern
) (./Thesis.aux (./Content/Abstract.aux) (./Content/Sworn_Declaration.aux) (./Content/Introduction.aux) (./Content/Background.aux) (./Content/Related_Work.aux) (./Content/SSL_Robustness.aux) (./Content/Experimental_Design.aux) (./Content/Threat_Model.aux) (./Content/Evaluation.aux) (./Content/Extended_Analysis.aux) (./Content/Reproducibility.aux) (./Content/Appendix.aux) (./Content/Limitations_Future_Work.aux) (./Content/Discussion_Conclusion.aux))
\openout1 = `Thesis.aux'.

LaTeX Font Info:    Checking defaults for OML/cmm/m/it on input line 28.
LaTeX Font Info:    ... okay on input line 28.
LaTeX Font Info:    Checking defaults for OMS/cmsy/m/n on input line 28.
LaTeX Font Info:    ... okay on input line 28.
LaTeX Font Info:    Checking defaults for OT1/cmr/m/n on input line 28.
LaTeX Font Info:    ... okay on input line 28.
LaTeX Font Info:    Checking defaults for T1/cmr/m/n on input line 28.
LaTeX Font Info:    ... okay on input line 28.
LaTeX Font Info:    Checking defaults for TS1/cmr/m/n on input line 28.
LaTeX Font Info:    ... okay on input line 28.
LaTeX Font Info:    Checking defaults for OMX/cmex/m/n on input line 28.
LaTeX Font Info:    ... okay on input line 28.
LaTeX Font Info:    Checking defaults for U/cmr/m/n on input line 28.
LaTeX Font Info:    ... okay on input line 28.
LaTeX Font Info:    Checking defaults for PD1/pdf/m/n on input line 28.
LaTeX Font Info:    ... okay on input line 28.
LaTeX Font Info:    Checking defaults for PU/pdf/m/n on input line 28.
LaTeX Font Info:    ... okay on input line 28.
Package scrbase Info: activating english \partname on input line 28.
Package scrbase Info: activating english \chaptername on input line 28.
Package scrbase Info: activating english \appendixname on input line 28.
Package scrbase Info: activating english \figurename on input line 28.
Package scrbase Info: activating english \tablename on input line 28.
Package scrbase Info: activating english \contentsname on input line 28.
Package scrbase Info: activating english \listfigurename on input line 28.
Package scrbase Info: activating english \listtablename on input line 28.
Package scrbase Info: activating english \bibname on input line 28.
Package scrbase Info: activating english \indexname on input line 28.
LaTeX Info: Redefining \microtypecontext on input line 28.
Package microtype Info: Applying patch `item' on input line 28.
Package microtype Info: Applying patch `toc' on input line 28.
Package microtype Info: Applying patch `eqnum' on input line 28.
Package microtype Info: Applying patch `footnote' on input line 28.
Package microtype Info: Applying patch `verbatim' on input line 28.
LaTeX Info: Redefining \microtypesetup on input line 28.
Package microtype Info: Generating PDF output.
Package microtype Info: Character protrusion enabled (level 2).
Package microtype Info: Using default protrusion set `alltext'.
Package microtype Info: Automatic font expansion enabled (level 2),
(microtype)             stretch: 20, shrink: 20, step: 1, non-selected.
Package microtype Info: Using default expansion set `alltext-nott'.
Package microtype Info: Patching command `\showhyphens'.
Package microtype Info: No adjustment of tracking.
Package microtype Info: No adjustment of interword spacing.
Package microtype Info: No adjustment of character kerning.
 (/opt/homebrew/Cellar/texlive/20260301/share/texmf-dist/tex/latex/microtype/mt-cmr.cfg
File: mt-cmr.cfg 2013/05/19 v2.2 microtype config. file: Computer Modern Roman (RS)
)
Package scrbase Info: activating english \chairmanname on input line 28.
Package scrbase Info: activating english \projectpapername on input line 28.
Package scrbase Info: activating english \seminarpapername on input line 28.
Package scrbase Info: activating english \studentresearchname on input line 28.
Package scrbase Info: activating english \diplomathesisname on input line 28.
Package scrbase Info: activating english \degreethesisname on input line 28.
Package scrbase Info: activating english \masterthesisname on input line 28.
Package scrbase Info: activating english \bachelorthesisname on input line 28.
Package scrbase Info: activating english \ordinal on input line 28.
Package scrbase Info: activating english \presentedbyname on input line 28.
Package scrbase Info: activating english \advisorname on input line 28.
Package scrbase Info: activating english \thename on input line 28.
Package scrbase Info: activating english \ofthename on input line 28.
Package scrbase Info: activating english \fromname on input line 28.
Package scrbase Info: activating english \fromplacename on input line 28.
Package scrbase Info: activating english \refereename on input line 28.
Package scrbase Info: activating english \ordinalmalerefereename on input line 28.
Package scrbase Info: activating english \ordinalfemalerefereename on input line 28.
Package scrbase Info: activating english \oralexaminationdatename on input line 28.
Package scrbase Info: activating english \durationname on input line 28.
Package scrbase Info: activating english \matriculationnumbername on input line 28.
Package scrbase Info: activating english \coursename on input line 28.
Package scrbase Info: activating english \companyname on input line 28.
Package scrbase Info: activating english \examinationname on input line 28.
Package scrbase Info: activating english \examinationdatename on input line 28.
Package scrbase Info: activating english \indatename on input line 28.
Package scrbase Info: activating english \presentationinformationUdS on input line 28.
Package scrbase Info: activating english \labelAdvisorUdS on input line 28.
Package scrbase Info: activating english \labelProfessorUdS on input line 28.
Package scrbase Info: activating english \labelRefereeUdS on input line 28.
Package scrbase Info: activating english \labelProposition on input line 28.
Package scrbase Info: activating english \labelTheorem on input line 28.
Package scrbase Info: activating english \labelLemma on input line 28.
Package scrbase Info: activating english \labelCorollary on input line 28.
Package scrbase Info: activating english \labelDefinition on input line 28.
Package scrbase Info: activating english \labelReminder on input line 28.
Package scrbase Info: activating english \labelRemark on input line 28.
Package scrbase Info: activating english \labelExample on input line 28.
Package scrbase Info: activating english \labelMotivation on input line 28.
Package scrbase Info: activating english \labelConstruction on input line 28.
Package scrbase Info: activating english \labelNotation on input line 28.
Package scrbase Info: activating english \labelProof on input line 28.
 (/opt/homebrew/Cellar/texlive/20260301/share/texmf-dist/tex/context/base/mkii/supp-pdf.mkii
[Loading MPS to PDF converter (version 2006.09.02).]
\scratchcounter=\count526
\scratchdimen=\dimen346
\scratchbox=\box76
\nofMPsegments=\count527
\nofMParguments=\count528
\everyMPshowfont=\toks65
\MPscratchCnt=\count529
\MPscratchDim=\dimen347
\MPnumerator=\count530
\makeMPintoPDFobject=\count531
\everyMPtoPDFconversion=\toks66
) (/opt/homebrew/Cellar/texlive/20260301/share/texmf-dist/tex/latex/epstopdf-pkg/epstopdf-base.sty
Package: epstopdf-base 2020-01-24 v2.11 Base part for package epstopdf
Package epstopdf-base Info: Redefining graphics rule for `.eps' on input line 485.
 (/opt/homebrew/Cellar/texlive/20260301/share/texmf-dist/tex/latex/latexconfig/epstopdf-sys.cfg
File: epstopdf-sys.cfg 2010/07/13 v1.3 Configuration of (r)epstopdf for TeX Live
)) (/opt/homebrew/Cellar/texlive/20260301/share/texmf-dist/tex/latex/pdflscape/pdflscape.sty
Package: pdflscape 2025-06-23 v0.14 Display of landscape pages in PDF
 (/opt/homebrew/Cellar/texlive/20260301/share/texmf-dist/tex/latex/pdflscape/pdflscape-nometadata.sty
Package: pdflscape-nometadata 2025-06-23 v0.14 Display of landscape pages in PDF (HO)
 (/opt/homebrew/Cellar/texlive/20260301/share/texmf-dist/tex/latex/graphics/lscape.sty
Package: lscape 2020/05/28 v3.02 Landscape Pages (DPC)
)
Package pdflscape Info: Auto-detected driver: pdftex on input line 81.
))
Package hyperref Info: Link coloring OFF on input line 28.
Package caption Info: Begin \AtBeginDocument code.
Package caption Info: End \AtBeginDocument code.
Package biblatex Info: Trying to load language 'english'...
Package biblatex Info: ... file 'english.lbx' found.
 (/opt/homebrew/Cellar/texlive/20260301/share/texmf-dist/tex/latex/biblatex/lbx/english.lbx
File: english.lbx 2025/07/10 v3.21 biblatex localization (PK/MW)
)
Package biblatex Info: Input encoding 'utf8' detected.
Package biblatex Info: Automatic encoding selection.
(biblatex)             Assuming data encoding 'utf8'.
\openout4 = `Thesis.bcf'.

Package biblatex Info: Trying to load bibliographic data...
Package biblatex Info: ... file 'Thesis.bbl' not found.

No file Thesis.bbl.
Package biblatex Info: Reference section=0 on input line 28.
Package biblatex Info: Reference segment=0 on input line 28.
Package hyperref Info: Option `plainpages' set `false' on input line 30.
Package hyperref Info: Option `pageanchor' set `false' on input line 30.
Package uni-titlepage Info: leaving not defined pre-title page empty on input line 32.
Package uni-titlepage Info: leaving not defined back of pre-title page empty on input line 32.
<UdS.pdf, id=7, 410.24115pt x 164.347pt>
File: UdS.pdf Graphic file (type pdf)
<use UdS.pdf>
Package pdftex.def Info: UdS.pdf  used on input line 32.
(pdftex.def)             Requested size: 142.26378pt x 56.99316pt.
LaTeX Font Info:    Trying to load font information for OT1+lmr on input line 32.
(/opt/homebrew/Cellar/texlive/20260301/share/texmf-dist/tex/latex/lm/ot1lmr.fd
File: ot1lmr.fd 2015/05/01 v1.6.1 Font defs for Latin Modern
)
LaTeX Font Info:    Trying to load font information for OML+lmm on input line 32.
 (/opt/homebrew/Cellar/texlive/20260301/share/texmf-dist/tex/latex/lm/omllmm.fd
File: omllmm.fd 2015/05/01 v1.6.1 Font defs for Latin Modern
)
LaTeX Font Info:    Trying to load font information for OMS+lmsy on input line 32.
 (/opt/homebrew/Cellar/texlive/20260301/share/texmf-dist/tex/latex/lm/omslmsy.fd
File: omslmsy.fd 2015/05/01 v1.6.1 Font defs for Latin Modern
)
LaTeX Font Info:    Trying to load font information for OMX+lmex on input line 32.
 (/opt/homebrew/Cellar/texlive/20260301/share/texmf-dist/tex/latex/lm/omxlmex.fd
File: omxlmex.fd 2015/05/01 v1.6.1 Font defs for Latin Modern
)
LaTeX Font Info:    External font `lmex10' loaded for size
(Font)              <12> on input line 32.
LaTeX Font Info:    External font `lmex10' loaded for size
(Font)              <8> on input line 32.
LaTeX Font Info:    External font `lmex10' loaded for size
(Font)              <6> on input line 32.
LaTeX Font Info:    Trying to load font information for U+msa on input line 32.
 (/opt/homebrew/Cellar/texlive/20260301/share/texmf-dist/tex/latex/amsfonts/umsa.fd
File: umsa.fd 2013/01/14 v3.01 AMS symbols A
) (/opt/homebrew/Cellar/texlive/20260301/share/texmf-dist/tex/latex/microtype/mt-msa.cfg
File: mt-msa.cfg 2006/02/04 v1.1 microtype config. file: AMS symbols (a) (RS)
)
LaTeX Font Info:    Trying to load font information for U+msb on input line 32.
 (/opt/homebrew/Cellar/texlive/20260301/share/texmf-dist/tex/latex/amsfonts/umsb.fd
File: umsb.fd 2013/01/14 v3.01 AMS symbols B
) (/opt/homebrew/Cellar/texlive/20260301/share/texmf-dist/tex/latex/microtype/mt-msb.cfg
File: mt-msb.cfg 2005/06/01 v1.0 microtype config. file: AMS symbols (b) (RS)
)
LaTeX Font Info:    Trying to load font information for U+rsfs on input line 32.
 (/opt/homebrew/Cellar/texlive/20260301/share/texmf-dist/tex/latex/jknapltx/ursfs.fd
File: ursfs.fd 1998/03/24 rsfs font definition file (jk)
)
LaTeX Font Info:    Trying to load font information for U+esint on input line 32.
 (/opt/homebrew/Cellar/texlive/20260301/share/texmf-dist/tex/latex/esint/uesint.fd
File: uesint.fd 
)
LaTeX Font Info:    Trying to load font information for U+stmry on input line 32.
 (/opt/homebrew/Cellar/texlive/20260301/share/texmf-dist/tex/latex/stmaryrd/Ustmry.fd) [1


{/opt/homebrew/Cellar/texlive/20260301/share/texmf-dist/fonts/map/pdftex/updmap/pdftex.map}{/opt/homebrew/Cellar/texlive/20260301/share/texmf-dist/fonts/enc/dvips/lm/lm-ec.enc} <./UdS.pdf>]
Package uni-titlepage Info: leaving not defined back of main-title page empty on input line 32.
Package uni-titlepage Info: leaving not defined post-title page empty on input line 32.
Package uni-titlepage Info: leaving not defined back of post-title page empty on input line 32.
 [2


]
Package hyperref Info: Option `pageanchor' set `true' on input line 33.
\openout2 = `Content/Abstract.aux'.

 (./Content/Abstract.tex)
LaTeX Font Info:    External font `lmex10' loaded for size
(Font)              <10.95> on input line 35.
 [1



] [2




]
Package tocbasic Info: character protrusion at toc deactivated on input line 36.
 (./Thesis.toc
Package cleveref Info: loaded `english' language definitions on input line 1.
 [3]

Package tocbasic Warning: number width of chapter toc entries should be increased!
(tocbasic)                Currently used number width = 27.36665pt,
(tocbasic)                Wanted number separation    = 4.79993pt,
(tocbasic)                Reserved number width       = 24.0pt on input line 68.

Package microtype Info: Character `029' is missing
(microtype)             in font `T1/lmr/m/sc/12'.
(microtype)             Ignoring protrusion settings for this character.
Package cleveref Info: loaded `english' language definitions on input line 78.
[4])
\tf@toc=\write5
\openout5 = `Thesis.toc'.

Package cleveref Info: loaded `english' language definitions on input line 38.
 [5]
Package cleveref Info: loaded `english' language definitions on input line 38.
 [6]
\openout2 = `Content/Sworn_Declaration.aux'.

 (./Content/Sworn_Declaration.tex [7



]) [8




]
\openout2 = `Content/Introduction.aux'.

 (./Content/Introduction.tex
chapter I.

Underfull \vbox (badness 3271) has occurred while \output is active []

 [1





] [2]
LaTeX Font Info:    Trying to load font information for TS1+lmr on input line 47.
 (/opt/homebrew/Cellar/texlive/20260301/share/texmf-dist/tex/latex/lm/ts1lmr.fd
File: ts1lmr.fd 2015/05/01 v1.6.1 Font defs for Latin Modern
)) [3{/opt/homebrew/Cellar/texlive/20260301/share/texmf-dist/fonts/enc/dvips/lm/lm-ts1.enc}]
\openout2 = `Content/Background.aux'.

 (./Content/Background.tex [4





]
chapter II.

Underfull \vbox (badness 10000) has occurred while \output is active []

 [5{/opt/homebrew/Cellar/texlive/20260301/share/texmf-dist/fonts/enc/dvips/lm/lm-mathit.enc}{/opt/homebrew/Cellar/texlive/20260301/share/texmf-dist/fonts/enc/dvips/lm/lm-mathsy.enc}{/opt/homebrew/Cellar/texlive/20260301/share/texmf-dist/fonts/enc/dvips/lm/lm-rm.enc}] [6]
Overfull \hbox (11.20062pt too wide) in paragraph at lines 56--57
[]\T1/lmr/m/n/12 (-20) ALSO ABOUT THE TRAIN-ING DATA, IM-A-GENET, HOW MANY EPOCHS,
 []

[7]) [8]
\openout2 = `Content/Related_Work.aux'.

 (./Content/Related_Work.tex
chapter III.

LaTeX Warning: Citation 'bommasani2021opportunities' on page 9 undefined on input line 70.

[9





]

LaTeX Warning: Citation 'chen2020simple' on page 10 undefined on input line 78.


LaTeX Warning: Citation 'simsiam' on page 10 undefined on input line 80.


LaTeX Warning: Citation 'caron2021dino' on page 10 undefined on input line 82.


LaTeX Warning: Citation 'mae' on page 10 undefined on input line 84.


LaTeX Warning: Citation 'oquab2024dinov2' on page 10 undefined on input line 86.


Overfull \hbox (25.17361pt too wide) in paragraph at lines 86--87
[]\T1/lmr/m/sc/12 (-20) DINOv2 \T1/lmr/m/n/12 (-20) fur-ther strength-ens the foundation-model mo-ti-va-tion [[]].
 []

[10]

LaTeX Warning: Citation 'long2017segmentation' on page 11 undefined on input line 92.


LaTeX Warning: Citation 'xiao2018unified' on page 11 undefined on input line 92.


LaTeX Warning: Citation 'godard2019depthestimation' on page 11 undefined on input line 94.


LaTeX Warning: Citation 'MegaDepthLi18' on page 11 undefined on input line 94.


LaTeX Warning: Citation 'AdaBins' on page 11 undefined on input line 94.


LaTeX Warning: Citation 'biggio2013evasion' on page 11 undefined on input line 100.


LaTeX Warning: Citation 'szegedy2014intriguing' on page 11 undefined on input line 100.


LaTeX Warning: Citation 'madry2018towards' on page 11 undefined on input line 100.

[11]

LaTeX Warning: Citation 'tramer2019adversarial' on page 12 undefined on input line 104.


LaTeX Warning: Citation 'kim2020adversarial' on page 12 undefined on input line 108.


LaTeX Warning: Citation 'jiang2020robust' on page 12 undefined on input line 108.


LaTeX Warning: Citation 'fan2021does' on page 12 undefined on input line 108.


LaTeX Warning: Citation 'ho2020CLAE' on page 12 undefined on input line 108.


LaTeX Warning: Citation 'luo2023rethinking' on page 12 undefined on input line 108.


LaTeX Warning: Citation 'zhang2022decoupled' on page 12 undefined on input line 112.


LaTeX Warning: Citation 'ilyas2019adversarialbugs' on page 12 undefined on input line 116.


LaTeX Warning: Citation 'li2023adversarialnotbugs' on page 12 undefined on input line 116.


Overfull \hbox (7.89314pt too wide) in paragraph at lines 116--117
\T1/lmr/m/n/12 (-20) from su-per-vised mod-els trans-fer as use-ful SSL fea-tures [[]].
 []

[12]) [13]
\openout2 = `Content/SSL_Robustness.aux'.

 (./Content/SSL_Robustness.tex [14





]
chapter IV.
<Figures/ssl_robustness_inference.pdf, id=343, 409.53pt x 217.5628pt>
File: Figures/ssl_robustness_inference.pdf Graphic file (type pdf)
<use Figures/ssl_robustness_inference.pdf>
Package pdftex.def Info: Figures/ssl_robustness_inference.pdf  used on input line 23.
(pdftex.def)             Requested size: 366.4708pt x 198.35753pt.

LaTeX Warning: Citation 'kim2020adversarial' on page 15 undefined on input line 37.


LaTeX Warning: Citation 'jiang2020robust' on page 15 undefined on input line 37.


LaTeX Warning: Citation 'fan2021does' on page 15 undefined on input line 37.


LaTeX Warning: Citation 'luo2023rethinking' on page 15 undefined on input line 37.


Overfull \hbox (37.4132pt too wide) in paragraph at lines 36--38
\T1/lmr/m/n/12 (-20) SSL meth-ods [[], [], [], []].
 []

[15] [16 <./Figures/ssl_robustness_inference.pdf>]

LaTeX Warning: Citation 'gu2022segpgd' on page 17 undefined on input line 57.


LaTeX Warning: Citation 'zhang2022decoupled' on page 17 undefined on input line 80.

<Figures/deacl.png, id=427, 1925.1925pt x 631.35875pt>
File: Figures/deacl.png Graphic file (type png)
<use Figures/deacl.png>
Package pdftex.def Info: Figures/deacl.png  used on input line 89.
(pdftex.def)             Requested size: 374.43927pt x 122.79172pt.
) [17{/opt/homebrew/Cellar/texlive/20260301/share/texmf-dist/fonts/enc/dvips/lm/lm-mathex.enc}] [18 <./Figures/deacl.png>]
\openout2 = `Content/Experimental_Design.aux'.

 (./Content/Experimental_Design.tex
chapter V.
[19





]

LaTeX Warning: Citation 'krizhevsky2009learning' on page 20 undefined on input line 26.


LaTeX Warning: Citation 'coates2011analysis' on page 20 undefined on input line 26.

[20]

LaTeX Warning: Citation 'ADE1' on page 21 undefined on input line 32.


LaTeX Warning: Citation 'ADE2' on page 21 undefined on input line 32.


LaTeX Warning: Citation 'Cordts2016cityScapes' on page 21 undefined on input line 32.


LaTeX Warning: Citation 'Everingham10pascalVoc' on page 21 undefined on input line 32.


LaTeX Warning: Citation 'Silberman2012NYU' on page 21 undefined on input line 38.


Overfull \hbox (31.04482pt too wide) in paragraph at lines 38--39
\T1/lmr/m/n/12 (-20) RGB-D bench-mark widely used for monoc-u-lar depth es-ti-ma-tion [[]].
 []

[21]

LaTeX Warning: Citation 'gu2022segpgd' on page 22 undefined on input line 64.

[22] [23]) [24] [25]
\openout2 = `Content/Threat_Model.aux'.

 (./Content/Threat_Model.tex [26





]
chapter VI.

Underfull \vbox (badness 10000) has occurred while \output is active []

 [27]
Underfull \vbox (badness 1831) has occurred while \output is active []

 [28] [29] [30]
Underfull \vbox (badness 2012) has occurred while \output is active []

 [31]) [32] [33]
\openout2 = `Content/Evaluation.aux'.

 (./Content/Evaluation.tex [34





]
chapter VII.

LaTeX Warning: Citation 'krizhevsky2009learning' on page 35 undefined on input line 10.


LaTeX Warning: Citation 'coates2011analysis' on page 35 undefined on input line 10.


LaTeX Warning: Citation 'ADE1' on page 35 undefined on input line 10.


LaTeX Warning: Citation 'ADE2' on page 35 undefined on input line 10.


LaTeX Warning: Citation 'Cordts2016cityScapes' on page 35 undefined on input line 10.


LaTeX Warning: Citation 'Everingham10pascalVoc' on page 35 undefined on input line 10.


LaTeX Warning: Citation 'Silberman2012NYU' on page 35 undefined on input line 10.

Package microtype Info: Character `029' is missing
(microtype)             in font `T1/lmr/m/sc/10.95'.
(microtype)             Ignoring protrusion settings for this character.
[35] [36]
<Figures/classification_deacl.pdf, id=532, 578.16pt x 433.62pt>
File: Figures/classification_deacl.pdf Graphic file (type pdf)
<use Figures/classification_deacl.pdf>
Package pdftex.def Info: Figures/classification_deacl.pdf  used on input line 112.
(pdftex.def)             Requested size: 127.47127pt x 95.6018pt.
<Figures/segmentation_deacl.pdf, id=533, 578.16pt x 433.62pt>
File: Figures/segmentation_deacl.pdf Graphic file (type pdf)
<use Figures/segmentation_deacl.pdf>
Package pdftex.def Info: Figures/segmentation_deacl.pdf  used on input line 117.
(pdftex.def)             Requested size: 127.47127pt x 95.6018pt.
<Figures/depth_estimation_deacl.pdf, id=534, 578.16pt x 433.62pt>
File: Figures/depth_estimation_deacl.pdf Graphic file (type pdf)
<use Figures/depth_estimation_deacl.pdf>
Package pdftex.def Info: Figures/depth_estimation_deacl.pdf  used on input line 122.
(pdftex.def)             Requested size: 127.47127pt x 95.6018pt.
 [37]) [38 <./Figures/classification_deacl.pdf> <./Figures/segmentation_deacl.pdf> <./Figures/depth_estimation_deacl.pdf>]
\openout2 = `Content/Extended_Analysis.aux'.

 (./Content/Extended_Analysis.tex
chapter VIII.
[39





]
Package microtype Info: Character `029' is missing
(microtype)             in font `T1/lmr/m/sc/17.28'.
(microtype)             Ignoring protrusion settings for this character.
 [40] [41] [42]
Underfull \vbox (badness 10000) has occurred while \output is active []

 [43]) [44]
\openout2 = `Content/Reproducibility.aux'.

 (./Content/Reproducibility.tex
chapter IX.

Underfull \vbox (badness 3907) has occurred while \output is active []

 [45





]

LaTeX Warning: Citation 'chen2020simple' on page 46 undefined on input line 22.


LaTeX Warning: Citation 'simsiam' on page 46 undefined on input line 22.


LaTeX Warning: Citation 'caron2021dino' on page 46 undefined on input line 22.


LaTeX Warning: Citation 'mae' on page 46 undefined on input line 22.


LaTeX Warning: Citation 'oquab2024dinov2' on page 46 undefined on input line 22.


LaTeX Warning: Citation 'biggio2013evasion' on page 46 undefined on input line 22.


LaTeX Warning: Citation 'szegedy2014intriguing' on page 46 undefined on input line 22.


LaTeX Warning: Citation 'madry2018towards' on page 46 undefined on input line 22.


LaTeX Warning: Citation 'kim2020adversarial' on page 46 undefined on input line 22.


LaTeX Warning: Citation 'jiang2020robust' on page 46 undefined on input line 22.


LaTeX Warning: Citation 'fan2021does' on page 46 undefined on input line 22.


LaTeX Warning: Citation 'zhang2022decoupled' on page 46 undefined on input line 22.


LaTeX Warning: Citation 'luo2023rethinking' on page 46 undefined on input line 22.


LaTeX Warning: Citation 'long2017segmentation' on page 46 undefined on input line 22.


LaTeX Warning: Citation 'xiao2018unified' on page 46 undefined on input line 22.


LaTeX Warning: Citation 'godard2019depthestimation' on page 46 undefined on input line 22.


LaTeX Warning: Citation 'MegaDepthLi18' on page 46 undefined on input line 22.


LaTeX Warning: Citation 'AdaBins' on page 46 undefined on input line 22.


Overfull \hbox (51.29588pt too wide) in paragraph at lines 22--23
\T1/lmr/m/n/12 (-20) bust-ness foun-da-tions and ro-bust SSL meth-ods [[], [],
 []


Overfull \hbox (81.54262pt too wide) in paragraph at lines 22--23
[]\T1/lmr/m/n/12 (-20) , [], [], [], [],
 []


Overfull \hbox (76.63501pt too wide) in paragraph at lines 22--23
[]\T1/lmr/m/n/12 (-20) ]. It also in-cludes seg-men-ta-tion and depth ref-er-ences [[],
 []

[46] [47]
Underfull \vbox (badness 2343) has occurred while \output is active []

 [48]) [49]
\openout2 = `Content/Appendix.aux'.

 (./Content/Appendix.tex [50





]
chapter X.

LaTeX Warning: Citation 'kim2020adversarial' on page 51 undefined on input line 7.


LaTeX Warning: Citation 'jiang2020robust' on page 51 undefined on input line 7.


LaTeX Warning: Citation 'fan2021does' on page 51 undefined on input line 7.


LaTeX Warning: Citation 'ho2020CLAE' on page 51 undefined on input line 7.


LaTeX Warning: Citation 'luo2023rethinking' on page 51 undefined on input line 7.

[51] [52]) [53] [54]
\openout2 = `Content/Limitations_Future_Work.aux'.

 (./Content/Limitations_Future_Work.tex
chapter XI.
[55





] [56] [57]
Overfull \hbox (5.20963pt too wide) in paragraph at lines 54--55
[]\T1/lmr/m/n/12 (-20) A third ex-ten-sion is method-olog-i-cal. De-velop an at-tack that is still downstream-
 []

[58]) [59]
\openout2 = `Content/Discussion_Conclusion.aux'.

 (./Content/Discussion_Conclusion.tex [60





]
chapter XII.
[61]) [62] [63] [64




]

LaTeX Warning: Empty bibliography on input line 57.

\tf@thm=\write6
\openout6 = `Thesis.thm'.

(./Thesis.aux
Package cleveref Info: loaded `english' language definitions on input line 10.
 (./Content/Abstract.aux) (./Content/Sworn_Declaration.aux) (./Content/Introduction.aux) (./Content/Background.aux) (./Content/Related_Work.aux) (./Content/SSL_Robustness.aux) (./Content/Experimental_Design.aux) (./Content/Threat_Model.aux) (./Content/Evaluation.aux) (./Content/Extended_Analysis.aux) (./Content/Reproducibility.aux) (./Content/Appendix.aux) (./Content/Limitations_Future_Work.aux) (./Content/Discussion_Conclusion.aux))
 ***********
LaTeX2e <2025-11-01>
L3 programming layer <2026-01-19>
 ***********


LaTeX Warning: There were undefined references.


Package biblatex Warning: Please (re)run Biber on the file:
(biblatex)                Thesis
(biblatex)                and rerun LaTeX afterwards.

Package logreq Info: Writing requests to 'Thesis.run.xml'.
\openout1 = `Thesis.run.xml'.

 ) 
Here is how much of TeX's memory you used:
 46518 strings out of 467525
 941384 string characters out of 5408440
 2012182 words of memory out of 5000000
 74121 multiletter control sequences out of 15000+600000
 732723 words of font info for 277 fonts, out of 8000000 for 9000
 1141 hyphenation exceptions out of 8191
 122i,21n,121p,11589b,4453s stack positions out of 10000i,1000n,20000p,200000b,200000s
</opt/homebrew/Cellar/texlive/20260301/share/texmf-dist/fonts/type1/public/lm/lmb10.pfb></opt/homebrew/Cellar/texlive/20260301/share/texmf-dist/fonts/type1/public/lm/lmbx8.pfb></opt/homebrew/Cellar/texlive/20260301/share/texmf-dist/fonts/type1/public/lm/lmcsc10.pfb></opt/homebrew/Cellar/texlive/20260301/share/texmf-dist/fonts/type1/public/lm/lmex10.pfb></opt/homebrew/Cellar/texlive/20260301/share/texmf-dist/fonts/type1/public/lm/lmmi10.pfb></opt/homebrew/Cellar/texlive/20260301/share/texmf-dist/fonts/type1/public/lm/lmmi12.pfb></opt/homebrew/Cellar/texlive/20260301/share/texmf-dist/fonts/type1/public/lm/lmmi6.pfb></opt/homebrew/Cellar/texlive/20260301/share/texmf-dist/fonts/type1/public/lm/lmmi8.pfb></opt/homebrew/Cellar/texlive/20260301/share/texmf-dist/fonts/type1/public/lm/lmr10.pfb></opt/homebrew/Cellar/texlive/20260301/share/texmf-dist/fonts/type1/public/lm/lmr12.pfb></opt/homebrew/Cellar/texlive/20260301/share/texmf-dist/fonts/type1/public/lm/lmr6.pfb></opt/homebrew/Cellar/texlive/20260301/share/texmf-dist/fonts/type1/public/lm/lmr8.pfb></opt/homebrew/Cellar/texlive/20260301/share/texmf-dist/fonts/type1/public/lm/lmri10.pfb></opt/homebrew/Cellar/texlive/20260301/share/texmf-dist/fonts/type1/public/lm/lmri12.pfb></opt/homebrew/Cellar/texlive/20260301/share/texmf-dist/fonts/type1/public/lm/lmro10.pfb></opt/homebrew/Cellar/texlive/20260301/share/texmf-dist/fonts/type1/public/lm/lmro12.pfb></opt/homebrew/Cellar/texlive/20260301/share/texmf-dist/fonts/type1/public/lm/lmsy10.pfb></opt/homebrew/Cellar/texlive/20260301/share/texmf-dist/fonts/type1/public/lm/lmsy6.pfb></opt/homebrew/Cellar/texlive/20260301/share/texmf-dist/fonts/type1/public/lm/lmsy8.pfb></opt/homebrew/Cellar/texlive/20260301/share/texmf-dist/fonts/type1/public/amsfonts/symbols/msbm10.pfb>
Output written on Thesis.pdf (74 pages, 1011329 bytes).
PDF statistics:
 1266 PDF objects out of 1440 (max. 8388607)
 969 compressed objects within 10 object streams
 216 named destinations out of 1000 (max. 500000)
 54105 words of extra memory for PDF output out of 61914 (max. 10000000)

